-- Logs begin at Tue 2022-06-21 13:09:22 UTC, end at Tue 2022-06-21 13:12:03 UTC. --
Jun 21 13:09:22 localhost systemd-journal[86]: Runtime journal is using 8.0M (max allowed 197.5M, trying to leave 296.2M free of 1.9G available â†’ current limit 197.5M).
Jun 21 13:09:22 localhost kernel: Initializing cgroup subsys cpuset
Jun 21 13:09:22 localhost kernel: Initializing cgroup subsys cpu
Jun 21 13:09:22 localhost kernel: Initializing cgroup subsys cpuacct
Jun 21 13:09:22 localhost kernel: Linux version 3.10.0-1160.71.1.el7.x86_64 (mockbuild@x86-vm-37.build.eng.bos.redhat.com) (gcc version 4.8.5 20150623 (Red Hat 4.8.5-44) (GCC) ) #1 SMP Wed Jun 15 08:55:08 UTC 2022
Jun 21 13:09:22 localhost kernel: Command line: method=http://download.eng.bos.redhat.com/rhel-7/devel/candidate-trees/RHEL-7/RHEL-7.9-updates-20220621.2/compose/Server/x86_64/os/ ks=file:/ks.cfg
Jun 21 13:09:22 localhost kernel: e820: BIOS-provided physical RAM map:
Jun 21 13:09:22 localhost kernel: BIOS-e820: [mem 0x0000000000000000-0x000000000009fbff] usable
Jun 21 13:09:22 localhost kernel: BIOS-e820: [mem 0x000000000009fc00-0x000000000009ffff] reserved
Jun 21 13:09:22 localhost kernel: BIOS-e820: [mem 0x00000000000f0000-0x00000000000fffff] reserved
Jun 21 13:09:22 localhost kernel: BIOS-e820: [mem 0x0000000000100000-0x00000000bffdbfff] usable
Jun 21 13:09:22 localhost kernel: BIOS-e820: [mem 0x00000000bffdc000-0x00000000bfffffff] reserved
Jun 21 13:09:22 localhost kernel: BIOS-e820: [mem 0x00000000feffc000-0x00000000feffffff] reserved
Jun 21 13:09:22 localhost kernel: BIOS-e820: [mem 0x00000000fffc0000-0x00000000ffffffff] reserved
Jun 21 13:09:22 localhost kernel: BIOS-e820: [mem 0x0000000100000000-0x000000013fffffff] usable
Jun 21 13:09:22 localhost kernel: NX (Execute Disable) protection: active
Jun 21 13:09:22 localhost kernel: SMBIOS 2.8 present.
Jun 21 13:09:22 localhost kernel: DMI: Red Hat KVM, BIOS 1.11.0-2.el7 04/01/2014
Jun 21 13:09:22 localhost kernel: Hypervisor detected: KVM
Jun 21 13:09:22 localhost kernel: e820: update [mem 0x00000000-0x00000fff] usable ==> reserved
Jun 21 13:09:22 localhost kernel: e820: remove [mem 0x000a0000-0x000fffff] usable
Jun 21 13:09:22 localhost kernel: e820: last_pfn = 0x140000 max_arch_pfn = 0x400000000
Jun 21 13:09:22 localhost kernel: MTRR default type: write-back
Jun 21 13:09:22 localhost kernel: MTRR fixed ranges enabled:
Jun 21 13:09:22 localhost kernel:   00000-9FFFF write-back
Jun 21 13:09:22 localhost kernel:   A0000-BFFFF uncachable
Jun 21 13:09:22 localhost kernel:   C0000-FFFFF write-protect
Jun 21 13:09:22 localhost kernel: MTRR variable ranges enabled:
Jun 21 13:09:22 localhost kernel:   0 base 0000C0000000 mask 3FFFC0000000 uncachable
Jun 21 13:09:22 localhost kernel:   1 disabled
Jun 21 13:09:22 localhost kernel:   2 disabled
Jun 21 13:09:22 localhost kernel:   3 disabled
Jun 21 13:09:22 localhost kernel:   4 disabled
Jun 21 13:09:22 localhost kernel:   5 disabled
Jun 21 13:09:22 localhost kernel:   6 disabled
Jun 21 13:09:22 localhost kernel:   7 disabled
Jun 21 13:09:22 localhost kernel: PAT configuration [0-7]: WB  WC  UC- UC  WB  WP  UC- UC  
Jun 21 13:09:22 localhost kernel: e820: last_pfn = 0xbffdc max_arch_pfn = 0x400000000
Jun 21 13:09:22 localhost kernel: found SMP MP-table at [mem 0x000f6380-0x000f638f] mapped at [ffffffffff200380]
Jun 21 13:09:22 localhost kernel: Base memory trampoline at [ffff898a00099000] 99000 size 24576
Jun 21 13:09:22 localhost kernel: Using GB pages for direct mapping
Jun 21 13:09:22 localhost kernel: BRK [0x25274000, 0x25274fff] PGTABLE
Jun 21 13:09:22 localhost kernel: BRK [0x25275000, 0x25275fff] PGTABLE
Jun 21 13:09:22 localhost kernel: BRK [0x25276000, 0x25276fff] PGTABLE
Jun 21 13:09:22 localhost kernel: BRK [0x25277000, 0x25277fff] PGTABLE
Jun 21 13:09:22 localhost kernel: RAMDISK: [mem 0x7cf00000-0x7fffffff]
Jun 21 13:09:22 localhost kernel: Early table checksum verification disabled
Jun 21 13:09:22 localhost kernel: ACPI: RSDP 00000000000f60f0 00014 (v00 BOCHS )
Jun 21 13:09:22 localhost kernel: ACPI: RSDT 00000000bffe16e5 00030 (v01 BOCHS  BXPCRSDT 00000001 BXPC 00000001)
Jun 21 13:09:22 localhost kernel: ACPI: FACP 00000000bffe0c14 00074 (v01 BOCHS  BXPCFACP 00000001 BXPC 00000001)
Jun 21 13:09:22 localhost kernel: ACPI: DSDT 00000000bffe0040 00BD4 (v01 BOCHS  BXPCDSDT 00000001 BXPC 00000001)
Jun 21 13:09:22 localhost kernel: ACPI: FACS 00000000bffe0000 00040
Jun 21 13:09:22 localhost kernel: ACPI: SSDT 00000000bffe0c88 009DD (v01 BOCHS  BXPCSSDT 00000001 BXPC 00000001)
Jun 21 13:09:22 localhost kernel: ACPI: APIC 00000000bffe1665 00080 (v01 BOCHS  BXPCAPIC 00000001 BXPC 00000001)
Jun 21 13:09:22 localhost kernel: ACPI: Local APIC address 0xfee00000
Jun 21 13:09:22 localhost kernel: No NUMA configuration found
Jun 21 13:09:22 localhost kernel: Faking a node at [mem 0x0000000000000000-0x000000013fffffff]
Jun 21 13:09:22 localhost kernel: NODE_DATA(0) allocated [mem 0x13ffd7000-0x13fffdfff]
Jun 21 13:09:22 localhost kernel: kvm-clock: cpu 0, msr 1:3ff86001, primary cpu clock
Jun 21 13:09:22 localhost kernel: kvm-clock: Using msrs 4b564d01 and 4b564d00
Jun 21 13:09:22 localhost kernel: kvm-clock: using sched offset of 6195947981 cycles
Jun 21 13:09:22 localhost kernel: Zone ranges:
Jun 21 13:09:22 localhost kernel:   DMA      [mem 0x00001000-0x00ffffff]
Jun 21 13:09:22 localhost kernel:   DMA32    [mem 0x01000000-0xffffffff]
Jun 21 13:09:22 localhost kernel:   Normal   [mem 0x100000000-0x13fffffff]
Jun 21 13:09:22 localhost kernel: Movable zone start for each node
Jun 21 13:09:22 localhost kernel: Early memory node ranges
Jun 21 13:09:22 localhost kernel:   node   0: [mem 0x00001000-0x0009efff]
Jun 21 13:09:22 localhost kernel:   node   0: [mem 0x00100000-0xbffdbfff]
Jun 21 13:09:22 localhost kernel:   node   0: [mem 0x100000000-0x13fffffff]
Jun 21 13:09:22 localhost kernel: Initmem setup node 0 [mem 0x00001000-0x13fffffff]
Jun 21 13:09:22 localhost kernel: On node 0 totalpages: 1048442
Jun 21 13:09:22 localhost kernel:   DMA zone: 64 pages used for memmap
Jun 21 13:09:22 localhost kernel:   DMA zone: 21 pages reserved
Jun 21 13:09:22 localhost kernel:   DMA zone: 3998 pages, LIFO batch:0
Jun 21 13:09:22 localhost kernel:   DMA32 zone: 12224 pages used for memmap
Jun 21 13:09:22 localhost kernel:   DMA32 zone: 782300 pages, LIFO batch:31
Jun 21 13:09:22 localhost kernel:   Normal zone: 4096 pages used for memmap
Jun 21 13:09:22 localhost kernel:   Normal zone: 262144 pages, LIFO batch:31
Jun 21 13:09:22 localhost kernel: ACPI: PM-Timer IO Port: 0x608
Jun 21 13:09:22 localhost kernel: ACPI: Local APIC address 0xfee00000
Jun 21 13:09:22 localhost kernel: ACPI: LAPIC (acpi_id[0x00] lapic_id[0x00] enabled)
Jun 21 13:09:22 localhost kernel: ACPI: LAPIC (acpi_id[0x01] lapic_id[0x01] enabled)
Jun 21 13:09:22 localhost kernel: ACPI: LAPIC_NMI (acpi_id[0xff] dfl dfl lint[0x1])
Jun 21 13:09:22 localhost kernel: ACPI: IOAPIC (id[0x00] address[0xfec00000] gsi_base[0])
Jun 21 13:09:22 localhost kernel: IOAPIC[0]: apic_id 0, version 17, address 0xfec00000, GSI 0-23
Jun 21 13:09:22 localhost kernel: ACPI: INT_SRC_OVR (bus 0 bus_irq 0 global_irq 2 dfl dfl)
Jun 21 13:09:22 localhost kernel: ACPI: INT_SRC_OVR (bus 0 bus_irq 5 global_irq 5 high level)
Jun 21 13:09:22 localhost kernel: ACPI: INT_SRC_OVR (bus 0 bus_irq 9 global_irq 9 high level)
Jun 21 13:09:22 localhost kernel: ACPI: INT_SRC_OVR (bus 0 bus_irq 10 global_irq 10 high level)
Jun 21 13:09:22 localhost kernel: ACPI: INT_SRC_OVR (bus 0 bus_irq 11 global_irq 11 high level)
Jun 21 13:09:22 localhost kernel: ACPI: IRQ0 used by override.
Jun 21 13:09:22 localhost kernel: ACPI: IRQ5 used by override.
Jun 21 13:09:22 localhost kernel: ACPI: IRQ9 used by override.
Jun 21 13:09:22 localhost kernel: ACPI: IRQ10 used by override.
Jun 21 13:09:22 localhost kernel: ACPI: IRQ11 used by override.
Jun 21 13:09:22 localhost kernel: Using ACPI (MADT) for SMP configuration information
Jun 21 13:09:22 localhost kernel: smpboot: Allowing 2 CPUs, 0 hotplug CPUs
Jun 21 13:09:22 localhost kernel: PM: Registered nosave memory: [mem 0x0009f000-0x0009ffff]
Jun 21 13:09:22 localhost kernel: PM: Registered nosave memory: [mem 0x000a0000-0x000effff]
Jun 21 13:09:22 localhost kernel: PM: Registered nosave memory: [mem 0x000f0000-0x000fffff]
Jun 21 13:09:22 localhost kernel: PM: Registered nosave memory: [mem 0xbffdc000-0xbfffffff]
Jun 21 13:09:22 localhost kernel: PM: Registered nosave memory: [mem 0xc0000000-0xfeffbfff]
Jun 21 13:09:22 localhost kernel: PM: Registered nosave memory: [mem 0xfeffc000-0xfeffffff]
Jun 21 13:09:22 localhost kernel: PM: Registered nosave memory: [mem 0xff000000-0xfffbffff]
Jun 21 13:09:22 localhost kernel: PM: Registered nosave memory: [mem 0xfffc0000-0xffffffff]
Jun 21 13:09:22 localhost kernel: e820: [mem 0xc0000000-0xfeffbfff] available for PCI devices
Jun 21 13:09:22 localhost kernel: Booting paravirtualized kernel on KVM
Jun 21 13:09:22 localhost kernel: setup_percpu: NR_CPUS:5120 nr_cpumask_bits:2 nr_cpu_ids:2 nr_node_ids:1
Jun 21 13:09:22 localhost kernel: percpu: Embedded 38 pages/cpu s118784 r8192 d28672 u1048576
Jun 21 13:09:22 localhost kernel: pcpu-alloc: s118784 r8192 d28672 u1048576 alloc=1*2097152
Jun 21 13:09:22 localhost kernel: pcpu-alloc: [0] 0 1 
Jun 21 13:09:22 localhost kernel: KVM setup async PF for cpu 0
Jun 21 13:09:22 localhost kernel: kvm-stealtime: cpu 0, msr 13fc1c040
Jun 21 13:09:22 localhost kernel: PV qspinlock hash table entries: 256 (order: 0, 4096 bytes)
Jun 21 13:09:22 localhost kernel: Built 1 zonelists in Node order, mobility grouping on.  Total pages: 1032037
Jun 21 13:09:22 localhost kernel: Policy zone: Normal
Jun 21 13:09:22 localhost kernel: Kernel command line: method=http://download.eng.bos.redhat.com/rhel-7/devel/candidate-trees/RHEL-7/RHEL-7.9-updates-20220621.2/compose/Server/x86_64/os/ ks=file:/ks.cfg
Jun 21 13:09:22 localhost kernel: PID hash table entries: 4096 (order: 3, 32768 bytes)
Jun 21 13:09:22 localhost kernel: x86/fpu: xstate_offset[2]: 0240, xstate_sizes[2]: 0100
Jun 21 13:09:22 localhost kernel: xsave: enabled xstate_bv 0x7, cntxt size 0x340 using standard form
Jun 21 13:09:22 localhost kernel: Memory: 3991924k/5242880k available (7812k kernel code, 1049112k absent, 201844k reserved, 5932k data, 1980k init)
Jun 21 13:09:22 localhost kernel: SLUB: HWalign=64, Order=0-3, MinObjects=0, CPUs=2, Nodes=1
Jun 21 13:09:22 localhost kernel: x86/pti: Unmapping kernel while in userspace
Jun 21 13:09:22 localhost kernel: Hierarchical RCU implementation.
Jun 21 13:09:22 localhost kernel:         RCU restricting CPUs from NR_CPUS=5120 to nr_cpu_ids=2.
Jun 21 13:09:22 localhost kernel: NR_IRQS:327936 nr_irqs:440 0
Jun 21 13:09:22 localhost kernel: Console: colour VGA+ 80x25
Jun 21 13:09:22 localhost kernel: console [tty0] enabled
Jun 21 13:09:22 localhost kernel: allocated 33554432 bytes of page_cgroup
Jun 21 13:09:22 localhost kernel: please try 'cgroup_disable=memory' option if you don't want memory cgroups
Jun 21 13:09:22 localhost kernel: tsc: Detected 2399.998 MHz processor
Jun 21 13:09:22 localhost kernel: Calibrating delay loop (skipped) preset value.. 4799.99 BogoMIPS (lpj=2399998)
Jun 21 13:09:22 localhost kernel: pid_max: default: 32768 minimum: 301
Jun 21 13:09:22 localhost kernel: Security Framework initialized
Jun 21 13:09:22 localhost kernel: SELinux:  Initializing.
Jun 21 13:09:22 localhost kernel: SELinux:  Starting in permissive mode
Jun 21 13:09:22 localhost kernel: Yama: becoming mindful.
Jun 21 13:09:22 localhost kernel: Dentry cache hash table entries: 524288 (order: 10, 4194304 bytes)
Jun 21 13:09:22 localhost kernel: Inode-cache hash table entries: 262144 (order: 9, 2097152 bytes)
Jun 21 13:09:22 localhost kernel: Mount-cache hash table entries: 8192 (order: 4, 65536 bytes)
Jun 21 13:09:22 localhost kernel: Mountpoint-cache hash table entries: 8192 (order: 4, 65536 bytes)
Jun 21 13:09:22 localhost kernel: Initializing cgroup subsys memory
Jun 21 13:09:22 localhost kernel: Initializing cgroup subsys devices
Jun 21 13:09:22 localhost kernel: Initializing cgroup subsys freezer
Jun 21 13:09:22 localhost kernel: Initializing cgroup subsys net_cls
Jun 21 13:09:22 localhost kernel: Initializing cgroup subsys blkio
Jun 21 13:09:22 localhost kernel: Initializing cgroup subsys perf_event
Jun 21 13:09:22 localhost kernel: Initializing cgroup subsys hugetlb
Jun 21 13:09:22 localhost kernel: Initializing cgroup subsys pids
Jun 21 13:09:22 localhost kernel: Initializing cgroup subsys net_prio
Jun 21 13:09:22 localhost kernel: Last level iTLB entries: 4KB 512, 2MB 0, 4MB 0
Jun 21 13:09:22 localhost kernel: Last level dTLB entries: 4KB 512, 2MB 32, 4MB 32
Jun 21 13:09:22 localhost kernel: tlb_flushall_shift: 6
Jun 21 13:09:22 localhost kernel: FEATURE SPEC_CTRL Not Present
Jun 21 13:09:22 localhost kernel: FEATURE IBPB_SUPPORT Not Present
Jun 21 13:09:22 localhost kernel: Spectre V1 : Mitigation: Load fences, usercopy/swapgs barriers and __user pointer sanitization
Jun 21 13:09:22 localhost kernel: Spectre V2 : Vulnerable: Retpoline without IBPB
Jun 21 13:09:22 localhost kernel: Speculative Store Bypass: Vulnerable
Jun 21 13:09:22 localhost kernel: MDS: Vulnerable: Clear CPU buffers attempted, no microcode
Jun 21 13:09:22 localhost kernel: Freeing SMP alternatives: 28k freed
Jun 21 13:09:22 localhost kernel: ACPI: Core revision 20130517
Jun 21 13:09:22 localhost kernel: ACPI: All ACPI Tables successfully acquired
Jun 21 13:09:22 localhost kernel: ftrace: allocating 29697 entries in 117 pages
Jun 21 13:09:22 localhost kernel: Enabling x2apic
Jun 21 13:09:22 localhost kernel: Enabled x2apic
Jun 21 13:09:22 localhost kernel: Switched APIC routing to physical x2apic.
Jun 21 13:09:22 localhost kernel: ..TIMER: vector=0x30 apic1=0 pin1=2 apic2=-1 pin2=-1
Jun 21 13:09:22 localhost kernel: smpboot: CPU0: Intel(R) Xeon(R) CPU E5-2609 0 @ 2.40GHz (fam: 06, model: 2d, stepping: 07)
Jun 21 13:09:22 localhost kernel: TSC deadline timer enabled
Jun 21 13:09:22 localhost kernel: Performance Events: SandyBridge events, Intel PMU driver.
Jun 21 13:09:22 localhost kernel: core: PEBS disabled due to CPU errata, please upgrade microcode
Jun 21 13:09:22 localhost kernel: ... version:                2
Jun 21 13:09:22 localhost kernel: ... bit width:              48
Jun 21 13:09:22 localhost kernel: ... generic registers:      8
Jun 21 13:09:22 localhost kernel: ... value mask:             0000ffffffffffff
Jun 21 13:09:22 localhost kernel: ... max period:             000000007fffffff
Jun 21 13:09:22 localhost kernel: ... fixed-purpose events:   3
Jun 21 13:09:22 localhost kernel: ... event mask:             00000007000000ff
Jun 21 13:09:22 localhost kernel: KVM setup paravirtual spinlock
Jun 21 13:09:22 localhost kernel: smpboot: Booting Node   0, Processors  #1 OK
Jun 21 13:09:22 localhost kernel: kvm-clock: cpu 1, msr 1:3ff86041, secondary cpu clock
Jun 21 13:09:22 localhost kernel: smpboot: CPU 1 Converting physical 0 to logical die 1
Jun 21 13:09:22 localhost kernel: Brought up 2 CPUs
Jun 21 13:09:22 localhost kernel: KVM setup async PF for cpu 1
Jun 21 13:09:22 localhost kernel: kvm-stealtime: cpu 1, msr 13fd1c040
Jun 21 13:09:22 localhost kernel: smpboot: Max logical packages: 2
Jun 21 13:09:22 localhost kernel: smpboot: Total of 2 processors activated (9599.99 BogoMIPS)
Jun 21 13:09:22 localhost kernel: devtmpfs: initialized
Jun 21 13:09:22 localhost kernel: x86/mm: Memory block size: 128MB
Jun 21 13:09:22 localhost kernel: EVM: security.selinux
Jun 21 13:09:22 localhost kernel: EVM: security.ima
Jun 21 13:09:22 localhost kernel: EVM: security.capability
Jun 21 13:09:22 localhost kernel: atomic64 test passed for x86-64 platform with CX8 and with SSE
Jun 21 13:09:22 localhost kernel: pinctrl core: initialized pinctrl subsystem
Jun 21 13:09:22 localhost kernel: RTC time: 13:09:11, date: 06/21/22
Jun 21 13:09:22 localhost kernel: NET: Registered protocol family 16
Jun 21 13:09:22 localhost kernel: cpuidle: using governor haltpoll
Jun 21 13:09:22 localhost kernel: ACPI: bus type PCI registered
Jun 21 13:09:22 localhost kernel: acpiphp: ACPI Hot Plug PCI Controller Driver version: 0.5
Jun 21 13:09:22 localhost kernel: PCI: Using configuration type 1 for base access
Jun 21 13:09:22 localhost kernel: core: PMU erratum BJ122, BV98, HSD29 workaround disabled, HT off
Jun 21 13:09:22 localhost kernel: ACPI: Added _OSI(Module Device)
Jun 21 13:09:22 localhost kernel: ACPI: Added _OSI(Processor Device)
Jun 21 13:09:22 localhost kernel: ACPI: Added _OSI(3.0 _SCP Extensions)
Jun 21 13:09:22 localhost kernel: ACPI: Added _OSI(Processor Aggregator Device)
Jun 21 13:09:22 localhost kernel: ACPI: Added _OSI(Linux-Dell-Video)
Jun 21 13:09:22 localhost kernel: ACPI: EC: Look up EC in DSDT
Jun 21 13:09:22 localhost kernel: ACPI: Interpreter enabled
Jun 21 13:09:22 localhost kernel: ACPI: (supports S0 S5)
Jun 21 13:09:22 localhost kernel: ACPI: Using IOAPIC for interrupt routing
Jun 21 13:09:22 localhost kernel: PCI: Using host bridge windows from ACPI; if necessary, use "pci=nocrs" and report a bug
Jun 21 13:09:22 localhost kernel: ACPI: Enabled 16 GPEs in block 00 to 0F
Jun 21 13:09:22 localhost kernel: ACPI: PCI Root Bridge [PCI0] (domain 0000 [bus 00-ff])
Jun 21 13:09:22 localhost kernel: acpi PNP0A03:00: _OSC: OS supports [ASPM ClockPM Segments MSI]
Jun 21 13:09:22 localhost kernel: acpi PNP0A03:00: _OSC failed (AE_NOT_FOUND); disabling ASPM
Jun 21 13:09:22 localhost kernel: acpi PNP0A03:00: fail to add MMCONFIG information, can't access extended PCI configuration space under this bridge.
Jun 21 13:09:22 localhost kernel: acpiphp: Slot [3] registered
Jun 21 13:09:22 localhost kernel: acpiphp: Slot [4] registered
Jun 21 13:09:22 localhost kernel: acpiphp: Slot [5] registered
Jun 21 13:09:22 localhost kernel: acpiphp: Slot [6] registered
Jun 21 13:09:22 localhost kernel: acpiphp: Slot [7] registered
Jun 21 13:09:22 localhost kernel: acpiphp: Slot [8] registered
Jun 21 13:09:22 localhost kernel: acpiphp: Slot [9] registered
Jun 21 13:09:22 localhost kernel: acpiphp: Slot [10] registered
Jun 21 13:09:22 localhost kernel: acpiphp: Slot [11] registered
Jun 21 13:09:22 localhost kernel: acpiphp: Slot [12] registered
Jun 21 13:09:22 localhost kernel: acpiphp: Slot [13] registered
Jun 21 13:09:22 localhost kernel: acpiphp: Slot [14] registered
Jun 21 13:09:22 localhost kernel: acpiphp: Slot [15] registered
Jun 21 13:09:22 localhost kernel: acpiphp: Slot [16] registered
Jun 21 13:09:22 localhost kernel: acpiphp: Slot [17] registered
Jun 21 13:09:22 localhost kernel: acpiphp: Slot [18] registered
Jun 21 13:09:22 localhost kernel: acpiphp: Slot [19] registered
Jun 21 13:09:22 localhost kernel: acpiphp: Slot [20] registered
Jun 21 13:09:22 localhost kernel: acpiphp: Slot [21] registered
Jun 21 13:09:22 localhost kernel: acpiphp: Slot [22] registered
Jun 21 13:09:22 localhost kernel: acpiphp: Slot [23] registered
Jun 21 13:09:22 localhost kernel: acpiphp: Slot [24] registered
Jun 21 13:09:22 localhost kernel: acpiphp: Slot [25] registered
Jun 21 13:09:22 localhost kernel: acpiphp: Slot [26] registered
Jun 21 13:09:22 localhost kernel: acpiphp: Slot [27] registered
Jun 21 13:09:22 localhost kernel: acpiphp: Slot [28] registered
Jun 21 13:09:22 localhost kernel: acpiphp: Slot [29] registered
Jun 21 13:09:22 localhost kernel: acpiphp: Slot [30] registered
Jun 21 13:09:22 localhost kernel: acpiphp: Slot [31] registered
Jun 21 13:09:22 localhost kernel: PCI host bridge to bus 0000:00
Jun 21 13:09:22 localhost kernel: pci_bus 0000:00: root bus resource [io  0x0000-0x0cf7 window]
Jun 21 13:09:22 localhost kernel: pci_bus 0000:00: root bus resource [io  0x0d00-0xffff window]
Jun 21 13:09:22 localhost kernel: pci_bus 0000:00: root bus resource [mem 0x000a0000-0x000bffff window]
Jun 21 13:09:22 localhost kernel: pci_bus 0000:00: root bus resource [mem 0xc0000000-0xfebfffff window]
Jun 21 13:09:22 localhost kernel: pci_bus 0000:00: root bus resource [bus 00-ff]
Jun 21 13:09:22 localhost kernel: pci 0000:00:00.0: [8086:1237] type 00 class 0x060000
Jun 21 13:09:22 localhost kernel: pci 0000:00:01.0: [8086:7000] type 00 class 0x060100
Jun 21 13:09:22 localhost kernel: pci 0000:00:01.1: [8086:7010] type 00 class 0x010180
Jun 21 13:09:22 localhost kernel: pci 0000:00:01.1: reg 0x20: [io  0xc0e0-0xc0ef]
Jun 21 13:09:22 localhost kernel: pci 0000:00:01.1: legacy IDE quirk: reg 0x10: [io  0x01f0-0x01f7]
Jun 21 13:09:22 localhost kernel: pci 0000:00:01.1: legacy IDE quirk: reg 0x14: [io  0x03f6]
Jun 21 13:09:22 localhost kernel: pci 0000:00:01.1: legacy IDE quirk: reg 0x18: [io  0x0170-0x0177]
Jun 21 13:09:22 localhost kernel: pci 0000:00:01.1: legacy IDE quirk: reg 0x1c: [io  0x0376]
Jun 21 13:09:22 localhost kernel: pci 0000:00:01.2: [8086:7020] type 00 class 0x0c0300
Jun 21 13:09:22 localhost kernel: pci 0000:00:01.2: reg 0x20: [io  0xc040-0xc05f]
Jun 21 13:09:22 localhost kernel: pci 0000:00:01.3: [8086:7113] type 00 class 0x068000
Jun 21 13:09:22 localhost kernel: pci 0000:00:01.3: quirk: [io  0x0600-0x063f] claimed by PIIX4 ACPI
Jun 21 13:09:22 localhost kernel: pci 0000:00:01.3: quirk: [io  0x0700-0x070f] claimed by PIIX4 SMB
Jun 21 13:09:22 localhost kernel: pci 0000:00:02.0: [1013:00b8] type 00 class 0x030000
Jun 21 13:09:22 localhost kernel: pci 0000:00:02.0: reg 0x10: [mem 0xfc000000-0xfdffffff pref]
Jun 21 13:09:22 localhost kernel: pci 0000:00:02.0: reg 0x14: [mem 0xfebd0000-0xfebd0fff]
Jun 21 13:09:22 localhost kernel: pci 0000:00:02.0: reg 0x30: [mem 0xfebc0000-0xfebcffff pref]
Jun 21 13:09:22 localhost kernel: pci 0000:00:03.0: [1af4:1000] type 00 class 0x020000
Jun 21 13:09:22 localhost kernel: pci 0000:00:03.0: reg 0x10: [io  0xc060-0xc07f]
Jun 21 13:09:22 localhost kernel: pci 0000:00:03.0: reg 0x14: [mem 0xfebd1000-0xfebd1fff]
Jun 21 13:09:22 localhost kernel: pci 0000:00:03.0: reg 0x30: [mem 0xfeb80000-0xfebbffff pref]
Jun 21 13:09:22 localhost kernel: pci 0000:00:04.0: [1af4:1003] type 00 class 0x078000
Jun 21 13:09:22 localhost kernel: pci 0000:00:04.0: reg 0x10: [io  0xc080-0xc09f]
Jun 21 13:09:22 localhost kernel: pci 0000:00:04.0: reg 0x14: [mem 0xfebd2000-0xfebd2fff]
Jun 21 13:09:22 localhost kernel: pci 0000:00:05.0: [1af4:1001] type 00 class 0x010000
Jun 21 13:09:22 localhost kernel: pci 0000:00:05.0: reg 0x10: [io  0xc000-0xc03f]
Jun 21 13:09:22 localhost kernel: pci 0000:00:05.0: reg 0x14: [mem 0xfebd3000-0xfebd3fff]
Jun 21 13:09:22 localhost kernel: pci 0000:00:06.0: [1af4:1002] type 00 class 0x00ff00
Jun 21 13:09:22 localhost kernel: pci 0000:00:06.0: reg 0x10: [io  0xc0a0-0xc0bf]
Jun 21 13:09:22 localhost kernel: pci 0000:00:07.0: [1af4:1005] type 00 class 0x00ff00
Jun 21 13:09:22 localhost kernel: pci 0000:00:07.0: reg 0x10: [io  0xc0c0-0xc0df]
Jun 21 13:09:22 localhost kernel: ACPI: PCI Interrupt Link [LNKA] (IRQs 5 *10 11)
Jun 21 13:09:22 localhost kernel: ACPI: PCI Interrupt Link [LNKB] (IRQs 5 *10 11)
Jun 21 13:09:22 localhost kernel: ACPI: PCI Interrupt Link [LNKC] (IRQs 5 10 *11)
Jun 21 13:09:22 localhost kernel: ACPI: PCI Interrupt Link [LNKD] (IRQs 5 10 *11)
Jun 21 13:09:22 localhost kernel: ACPI: PCI Interrupt Link [LNKS] (IRQs *9)
Jun 21 13:09:22 localhost kernel: vgaarb: device added: PCI:0000:00:02.0,decodes=io+mem,owns=io+mem,locks=none
Jun 21 13:09:22 localhost kernel: vgaarb: loaded
Jun 21 13:09:22 localhost kernel: vgaarb: bridge control possible 0000:00:02.0
Jun 21 13:09:22 localhost kernel: SCSI subsystem initialized
Jun 21 13:09:22 localhost kernel: ACPI: bus type USB registered
Jun 21 13:09:22 localhost kernel: usbcore: registered new interface driver usbfs
Jun 21 13:09:22 localhost kernel: usbcore: registered new interface driver hub
Jun 21 13:09:22 localhost kernel: usbcore: registered new device driver usb
Jun 21 13:09:22 localhost kernel: EDAC MC: Ver: 3.0.0
Jun 21 13:09:22 localhost kernel: PCI: Using ACPI for IRQ routing
Jun 21 13:09:22 localhost kernel: PCI: pci_cache_line_size set to 64 bytes
Jun 21 13:09:22 localhost kernel: e820: reserve RAM buffer [mem 0x0009fc00-0x0009ffff]
Jun 21 13:09:22 localhost kernel: e820: reserve RAM buffer [mem 0xbffdc000-0xbfffffff]
Jun 21 13:09:22 localhost kernel: NetLabel: Initializing
Jun 21 13:09:22 localhost kernel: NetLabel:  domain hash size = 128
Jun 21 13:09:22 localhost kernel: NetLabel:  protocols = UNLABELED CIPSOv4
Jun 21 13:09:22 localhost kernel: NetLabel:  unlabeled traffic allowed by default
Jun 21 13:09:22 localhost kernel: amd_nb: Cannot enumerate AMD northbridges
Jun 21 13:09:22 localhost kernel: Switched to clocksource kvm-clock
Jun 21 13:09:22 localhost kernel: pnp: PnP ACPI init
Jun 21 13:09:22 localhost kernel: ACPI: bus type PNP registered
Jun 21 13:09:22 localhost kernel: pnp 00:00: Plug and Play ACPI device, IDs PNP0b00 (active)
Jun 21 13:09:22 localhost kernel: pnp 00:01: Plug and Play ACPI device, IDs PNP0303 (active)
Jun 21 13:09:22 localhost kernel: pnp 00:02: Plug and Play ACPI device, IDs PNP0f13 (active)
Jun 21 13:09:22 localhost kernel: pnp 00:03: [dma 2]
Jun 21 13:09:22 localhost kernel: pnp 00:03: Plug and Play ACPI device, IDs PNP0700 (active)
Jun 21 13:09:22 localhost kernel: pnp 00:04: Plug and Play ACPI device, IDs PNP0501 (active)
Jun 21 13:09:22 localhost kernel: pnp 00:05: Plug and Play ACPI device, IDs PNP0501 (active)
Jun 21 13:09:22 localhost kernel: pnp: PnP ACPI: found 6 devices
Jun 21 13:09:22 localhost kernel: ACPI: bus type PNP unregistered
Jun 21 13:09:22 localhost kernel: pci_bus 0000:00: resource 4 [io  0x0000-0x0cf7 window]
Jun 21 13:09:22 localhost kernel: pci_bus 0000:00: resource 5 [io  0x0d00-0xffff window]
Jun 21 13:09:22 localhost kernel: pci_bus 0000:00: resource 6 [mem 0x000a0000-0x000bffff window]
Jun 21 13:09:22 localhost kernel: pci_bus 0000:00: resource 7 [mem 0xc0000000-0xfebfffff window]
Jun 21 13:09:22 localhost kernel: NET: Registered protocol family 2
Jun 21 13:09:22 localhost kernel: TCP established hash table entries: 32768 (order: 6, 262144 bytes)
Jun 21 13:09:22 localhost kernel: TCP bind hash table entries: 32768 (order: 7, 524288 bytes)
Jun 21 13:09:22 localhost kernel: TCP: Hash tables configured (established 32768 bind 32768)
Jun 21 13:09:22 localhost kernel: TCP: reno registered
Jun 21 13:09:22 localhost kernel: UDP hash table entries: 2048 (order: 4, 65536 bytes)
Jun 21 13:09:22 localhost kernel: UDP-Lite hash table entries: 2048 (order: 4, 65536 bytes)
Jun 21 13:09:22 localhost kernel: NET: Registered protocol family 1
Jun 21 13:09:22 localhost kernel: pci 0000:00:00.0: Limiting direct PCI/PCI transfers
Jun 21 13:09:22 localhost kernel: pci 0000:00:01.0: PIIX3: Enabling Passive Release
Jun 21 13:09:22 localhost kernel: pci 0000:00:01.0: Activating ISA DMA hang workarounds
Jun 21 13:09:22 localhost kernel: ACPI: PCI Interrupt Link [LNKD] enabled at IRQ 11
Jun 21 13:09:22 localhost kernel: pci 0000:00:02.0: Boot video device
Jun 21 13:09:22 localhost kernel: PCI: CLS 0 bytes, default 64
Jun 21 13:09:22 localhost kernel: Unpacking initramfs...
Jun 21 13:09:22 localhost kernel: sched: RT throttling activated
Jun 21 13:09:22 localhost kernel: Freeing initrd memory: 50176k freed
Jun 21 13:09:22 localhost kernel: PCI-DMA: Using software bounce buffering for IO (SWIOTLB)
Jun 21 13:09:22 localhost kernel: software IO TLB [mem 0xbbfdc000-0xbffdc000] (64MB) mapped at [ffff898abbfdc000-ffff898abffdbfff]
Jun 21 13:09:22 localhost kernel: sha1_ssse3: Using AVX optimized SHA-1 implementation
Jun 21 13:09:22 localhost kernel: sha256_ssse3: Using AVX optimized SHA-256 implementation
Jun 21 13:09:22 localhost kernel: futex hash table entries: 512 (order: 3, 32768 bytes)
Jun 21 13:09:22 localhost kernel: Initialise system trusted keyring
Jun 21 13:09:22 localhost kernel: audit: initializing netlink socket (disabled)
Jun 21 13:09:22 localhost kernel: type=2000 audit(1655817489.830:1): initialized
Jun 21 13:09:22 localhost kernel: HugeTLB registered 1 GB page size, pre-allocated 0 pages
Jun 21 13:09:22 localhost kernel: HugeTLB registered 2 MB page size, pre-allocated 0 pages
Jun 21 13:09:22 localhost kernel: zpool: loaded
Jun 21 13:09:22 localhost kernel: zbud: loaded
Jun 21 13:09:22 localhost kernel: VFS: Disk quotas dquot_6.5.2
Jun 21 13:09:22 localhost kernel: Dquot-cache hash table entries: 512 (order 0, 4096 bytes)
Jun 21 13:09:22 localhost kernel: Key type big_key registered
Jun 21 13:09:22 localhost kernel: SELinux:  Registering netfilter hooks
Jun 21 13:09:22 localhost kernel: NET: Registered protocol family 38
Jun 21 13:09:22 localhost kernel: Key type asymmetric registered
Jun 21 13:09:22 localhost kernel: Asymmetric key parser 'x509' registered
Jun 21 13:09:22 localhost kernel: Block layer SCSI generic (bsg) driver version 0.4 loaded (major 248)
Jun 21 13:09:22 localhost kernel: io scheduler noop registered
Jun 21 13:09:22 localhost kernel: io scheduler deadline registered (default)
Jun 21 13:09:22 localhost kernel: io scheduler cfq registered
Jun 21 13:09:22 localhost kernel: io scheduler mq-deadline registered
Jun 21 13:09:22 localhost kernel: io scheduler kyber registered
Jun 21 13:09:22 localhost kernel: pci_hotplug: PCI Hot Plug PCI Core version: 0.5
Jun 21 13:09:22 localhost kernel: pciehp: PCI Express Hot Plug Controller Driver version: 0.4
Jun 21 13:09:22 localhost kernel: shpchp: Standard Hot Plug PCI Controller Driver version: 0.4
Jun 21 13:09:22 localhost kernel: intel_idle: does not run on family 6 model 45
Jun 21 13:09:22 localhost kernel: input: Power Button as /devices/LNXSYSTM:00/LNXPWRBN:00/input/input0
Jun 21 13:09:22 localhost kernel: ACPI: Power Button [PWRF]
Jun 21 13:09:22 localhost kernel: GHES: HEST is not enabled!
Jun 21 13:09:22 localhost kernel: Serial: 8250/16550 driver, 4 ports, IRQ sharing enabled
Jun 21 13:09:22 localhost kernel: 00:04: ttyS0 at I/O 0x3f8 (irq = 4) is a 16550A
Jun 21 13:09:22 localhost kernel: 00:05: ttyS1 at I/O 0x2f8 (irq = 3) is a 16550A
Jun 21 13:09:22 localhost kernel: Non-volatile memory driver v1.3
Jun 21 13:09:22 localhost kernel: Linux agpgart interface v0.103
Jun 21 13:09:22 localhost kernel: crash memory driver: version 1.1
Jun 21 13:09:22 localhost kernel: rdac: device handler registered
Jun 21 13:09:22 localhost kernel: hp_sw: device handler registered
Jun 21 13:09:22 localhost kernel: emc: device handler registered
Jun 21 13:09:22 localhost kernel: alua: device handler registered
Jun 21 13:09:22 localhost kernel: libphy: Fixed MDIO Bus: probed
Jun 21 13:09:22 localhost kernel: ehci_hcd: USB 2.0 'Enhanced' Host Controller (EHCI) Driver
Jun 21 13:09:22 localhost kernel: ehci-pci: EHCI PCI platform driver
Jun 21 13:09:22 localhost kernel: ohci_hcd: USB 1.1 'Open' Host Controller (OHCI) Driver
Jun 21 13:09:22 localhost kernel: ohci-pci: OHCI PCI platform driver
Jun 21 13:09:22 localhost kernel: uhci_hcd: USB Universal Host Controller Interface driver
Jun 21 13:09:22 localhost kernel: uhci_hcd 0000:00:01.2: UHCI Host Controller
Jun 21 13:09:22 localhost kernel: uhci_hcd 0000:00:01.2: new USB bus registered, assigned bus number 1
Jun 21 13:09:22 localhost kernel: uhci_hcd 0000:00:01.2: detected 2 ports
Jun 21 13:09:22 localhost kernel: uhci_hcd 0000:00:01.2: irq 11, io base 0x0000c040
Jun 21 13:09:22 localhost kernel: usb usb1: New USB device found, idVendor=1d6b, idProduct=0001, bcdDevice= 3.10
Jun 21 13:09:22 localhost kernel: usb usb1: New USB device strings: Mfr=3, Product=2, SerialNumber=1
Jun 21 13:09:22 localhost kernel: usb usb1: Product: UHCI Host Controller
Jun 21 13:09:22 localhost kernel: usb usb1: Manufacturer: Linux 3.10.0-1160.71.1.el7.x86_64 uhci_hcd
Jun 21 13:09:22 localhost kernel: usb usb1: SerialNumber: 0000:00:01.2
Jun 21 13:09:22 localhost kernel: hub 1-0:1.0: USB hub found
Jun 21 13:09:22 localhost kernel: hub 1-0:1.0: 2 ports detected
Jun 21 13:09:22 localhost kernel: usbcore: registered new interface driver usbserial_generic
Jun 21 13:09:22 localhost kernel: usbserial: USB Serial support registered for generic
Jun 21 13:09:22 localhost kernel: i8042: PNP: PS/2 Controller [PNP0303:KBD,PNP0f13:MOU] at 0x60,0x64 irq 1,12
Jun 21 13:09:22 localhost kernel: serio: i8042 KBD port at 0x60,0x64 irq 1
Jun 21 13:09:22 localhost kernel: serio: i8042 AUX port at 0x60,0x64 irq 12
Jun 21 13:09:22 localhost kernel: mousedev: PS/2 mouse device common for all mice
Jun 21 13:09:22 localhost kernel: input: AT Translated Set 2 keyboard as /devices/platform/i8042/serio0/input/input1
Jun 21 13:09:22 localhost kernel: input: VirtualPS/2 VMware VMMouse as /devices/platform/i8042/serio1/input/input2
Jun 21 13:09:22 localhost kernel: rtc_cmos 00:00: RTC can wake from S4
Jun 21 13:09:22 localhost kernel: input: VirtualPS/2 VMware VMMouse as /devices/platform/i8042/serio1/input/input3
Jun 21 13:09:22 localhost kernel: rtc_cmos 00:00: rtc core: registered rtc_cmos as rtc0
Jun 21 13:09:22 localhost kernel: rtc_cmos 00:00: alarms up to one day, 114 bytes nvram
Jun 21 13:09:22 localhost kernel: hidraw: raw HID events driver (C) Jiri Kosina
Jun 21 13:09:22 localhost kernel: usbcore: registered new interface driver usbhid
Jun 21 13:09:22 localhost kernel: usbhid: USB HID core driver
Jun 21 13:09:22 localhost kernel: drop_monitor: Initializing network drop monitor service
Jun 21 13:09:22 localhost kernel: Netfilter messages via NETLINK v0.30.
Jun 21 13:09:22 localhost kernel: TCP: cubic registered
Jun 21 13:09:22 localhost kernel: Initializing XFRM netlink socket
Jun 21 13:09:22 localhost kernel: NET: Registered protocol family 10
Jun 21 13:09:22 localhost kernel: NET: Registered protocol family 17
Jun 21 13:09:22 localhost kernel: mpls_gso: MPLS GSO support
Jun 21 13:09:22 localhost kernel: mce: Using 10 MCE banks
Jun 21 13:09:22 localhost kernel: PM: Hibernation image not present or could not be loaded.
Jun 21 13:09:22 localhost kernel: Loading compiled-in X.509 certificates
Jun 21 13:09:22 localhost kernel: Loaded X.509 cert 'Red Hat Enterprise Linux Driver Update Program (key 3): bf57f3e87362bc7229d9f465321773dfd1f77a80'
Jun 21 13:09:22 localhost kernel: Loaded X.509 cert 'Red Hat Enterprise Linux kpatch signing key: 4d38fd864ebe18c5f0b72e3852e2014c3a676fc8'
Jun 21 13:09:22 localhost kernel: Loaded X.509 cert 'Red Hat Enterprise Linux kernel signing key: 6d9a962abafa2546d34c1c52a62a918bf06be70f'
Jun 21 13:09:22 localhost kernel: registered taskstats version 1
Jun 21 13:09:22 localhost kernel: page_owner is disabled
Jun 21 13:09:22 localhost kernel: Key type trusted registered
Jun 21 13:09:22 localhost kernel: Key type encrypted registered
Jun 21 13:09:22 localhost kernel: IMA: No TPM chip found, activating TPM-bypass! (rc=-19)
Jun 21 13:09:22 localhost kernel: BERT: Boot Error Record Table support is disabled. Enable it by using bert_enable as kernel parameter.
Jun 21 13:09:22 localhost kernel:   Magic number: 10:572:180
Jun 21 13:09:22 localhost kernel: rtc_cmos 00:00: setting system clock to 2022-06-21 13:09:22 UTC (1655816962)
Jun 21 13:09:22 localhost kernel: Freeing unused kernel memory: 1980k freed
Jun 21 13:09:22 localhost kernel: Write protecting the kernel read-only data: 12288k
Jun 21 13:09:22 localhost kernel: Freeing unused kernel memory: 368k freed
Jun 21 13:09:22 localhost kernel: Freeing unused kernel memory: 528k freed
Jun 21 13:09:22 localhost kernel: random: systemd: uninitialized urandom read (16 bytes read)
Jun 21 13:09:22 localhost kernel: random: systemd: uninitialized urandom read (16 bytes read)
Jun 21 13:09:22 localhost kernel: random: systemd: uninitialized urandom read (16 bytes read)
Jun 21 13:09:22 localhost systemd[1]: systemd 219 running in system mode. (+PAM +AUDIT +SELINUX +IMA -APPARMOR +SMACK +SYSVINIT +UTMP +LIBCRYPTSETUP +GCRYPT +GNUTLS +ACL +XZ +LZ4 -SECCOMP +BLKID +ELFUTILS +KMOD +IDN)
Jun 21 13:09:22 localhost systemd[1]: Detected virtualization kvm.
Jun 21 13:09:22 localhost systemd[1]: Detected architecture x86-64.
Jun 21 13:09:22 localhost systemd[1]: Running in initial RAM disk.
Jun 21 13:09:22 localhost systemd[1]: No hostname configured.
Jun 21 13:09:22 localhost systemd[1]: Set hostname to <localhost>.
Jun 21 13:09:22 localhost systemd[1]: Initializing machine ID from KVM UUID.
Jun 21 13:09:22 localhost kernel: random: systemd-cryptse: uninitialized urandom read (16 bytes read)
Jun 21 13:09:22 localhost kernel: random: systemd: uninitialized urandom read (16 bytes read)
Jun 21 13:09:22 localhost kernel: random: systemd: uninitialized urandom read (16 bytes read)
Jun 21 13:09:22 localhost kernel: random: systemd: uninitialized urandom read (16 bytes read)
Jun 21 13:09:22 localhost kernel: random: systemd: uninitialized urandom read (16 bytes read)
Jun 21 13:09:22 localhost kernel: random: systemd: uninitialized urandom read (16 bytes read)
Jun 21 13:09:22 localhost kernel: random: systemd: uninitialized urandom read (16 bytes read)
Jun 21 13:09:22 localhost systemd[1]: Cannot add dependency job for unit blk-availability.service, ignoring: Unit not found.
Jun 21 13:09:22 localhost systemd[1]: Reached target Swap.
Jun 21 13:09:22 localhost systemd[1]: Created slice Root Slice.
Jun 21 13:09:22 localhost systemd[1]: Created slice System Slice.
Jun 21 13:09:22 localhost systemd[1]: Reached target Timers.
Jun 21 13:09:22 localhost systemd[1]: Reached target Slices.
Jun 21 13:09:22 localhost systemd[1]: Listening on udev Kernel Socket.
Jun 21 13:09:22 localhost systemd[1]: Reached target Local File Systems.
Jun 21 13:09:22 localhost systemd[1]: Listening on Journal Socket.
Jun 21 13:09:22 localhost systemd[1]: Starting Create list of required static device nodes for the current kernel...
Jun 21 13:09:22 localhost systemd[1]: Starting dracut cmdline hook...
Jun 21 13:09:22 localhost systemd[1]: Starting Journal Service...
Jun 21 13:09:22 localhost systemd[1]: Starting Apply Kernel Variables...
Jun 21 13:09:22 localhost systemd[1]: Starting Setup Virtual Console...
Jun 21 13:09:22 localhost systemd[1]: Listening on udev Control Socket.
Jun 21 13:09:22 localhost systemd[1]: Reached target Local Encrypted Volumes.
Jun 21 13:09:22 localhost systemd[1]: Started Create list of required static device nodes for the current kernel.
Jun 21 13:09:22 localhost systemd[1]: Started Apply Kernel Variables.
Jun 21 13:09:22 localhost systemd[1]: Started Setup Virtual Console.
Jun 21 13:09:22 localhost systemd[1]: Starting Create Static Device Nodes in /dev...
Jun 21 13:09:22 localhost systemd[1]: Started Create Static Device Nodes in /dev.
Jun 21 13:09:22 localhost systemd-journal[86]: Journal started
Jun 21 13:09:22 localhost systemd[1]: Started Journal Service.
Jun 21 13:09:22 localhost kernel: BIOS EDD facility v0.16 2004-Jun-25, 1 devices found
Jun 21 13:09:22 localhost dracut-cmdline[85]: Loading Red Hat Enterprise Linux 7.9 x86_64 installer...
Jun 21 13:09:22 localhost dracut-cmdline[85]: Warning: 'method=' is deprecated. Using 'repo=http://download.eng.bos.redhat.com/rhel-7/devel/candidate-trees/RHEL-7/RHEL-7.9-updates-20220621.2/compose/Server/x86_64/os/' instead.
Jun 21 13:09:23 localhost kernel: tsc: Refined TSC clocksource calibration: 2400.037 MHz
Jun 21 13:09:23 localhost systemd[1]: Started dracut cmdline hook.
Jun 21 13:09:23 localhost systemd[1]: Starting dracut pre-udev hook...
Jun 21 13:09:23 localhost kernel: squashfs: version 4.0 (2009/01/31) Phillip Lougher
Jun 21 13:09:23 localhost kernel: Loading iSCSI transport class v2.0-870.
Jun 21 13:09:23 localhost kernel: iscsi: registered transport (tcp)
Jun 21 13:09:23 localhost kernel: FDC 0 is a S82078B
Jun 21 13:09:23 localhost kernel: No iBFT detected.
Jun 21 13:09:23 localhost kernel: async_tx: api initialized (async)
Jun 21 13:09:23 localhost kernel: xor: automatically using best checksumming function:
Jun 21 13:09:23 localhost kernel:    avx       : 17140.000 MB/sec
Jun 21 13:09:23 localhost kernel: raid6: sse2x1   gen()  6292 MB/s
Jun 21 13:09:23 localhost kernel: raid6: sse2x2   gen()  7976 MB/s
Jun 21 13:09:23 localhost kernel: raid6: sse2x4   gen()  9136 MB/s
Jun 21 13:09:23 localhost kernel: raid6: using algorithm sse2x4 gen() (9136 MB/s)
Jun 21 13:09:23 localhost kernel: raid6: using ssse3x2 recovery algorithm
Jun 21 13:09:24 localhost kernel: device-mapper: uevent: version 1.0.3
Jun 21 13:09:24 localhost kernel: device-mapper: ioctl: 4.37.1-ioctl (2018-04-03) initialised: dm-devel@redhat.com
Jun 21 13:09:24 localhost kernel: device-mapper: multipath round-robin: version 1.2.0 loaded
Jun 21 13:09:24 localhost kernel: RPC: Registered named UNIX socket transport module.
Jun 21 13:09:24 localhost kernel: RPC: Registered udp transport module.
Jun 21 13:09:24 localhost kernel: RPC: Registered tcp transport module.
Jun 21 13:09:24 localhost kernel: RPC: Registered tcp NFSv4.1 backchannel transport module.
Jun 21 13:09:24 localhost rpc.statd[547]: Version 1.3.0 starting
Jun 21 13:09:24 localhost rpc.statd[547]: Initializing NSM state
Jun 21 13:09:24 localhost rpc.statd[547]: Running as root.  chown /var/lib/nfs/statd to choose different user
Jun 21 13:09:24 localhost systemd[1]: Started dracut pre-udev hook.
Jun 21 13:09:24 localhost systemd[1]: Starting udev Kernel Device Manager...
Jun 21 13:09:24 localhost systemd-udevd[574]: starting version 219
Jun 21 13:09:24 localhost systemd[1]: Started udev Kernel Device Manager.
Jun 21 13:09:24 localhost systemd[1]: Starting dracut pre-trigger hook...
Jun 21 13:09:24 localhost lldpad[588]: config file failed to load,
Jun 21 13:09:24 localhost lldpad[588]: create a new file.
Jun 21 13:09:24 localhost lldpad[588]: bound ctrl iface to /com/intel/lldpad
Jun 21 13:09:24 localhost dracut-pre-trigger[584]: 589
Jun 21 13:09:24 localhost systemd[1]: Started dracut pre-trigger hook.
Jun 21 13:09:24 localhost systemd[1]: Starting udev Coldplug all Devices...
Jun 21 13:09:24 localhost systemd[1]: Mounting Configuration File System...
Jun 21 13:09:24 localhost systemd[1]: Started udev Coldplug all Devices.
Jun 21 13:09:24 localhost systemd[1]: Starting Device-Mapper Multipath Device Controller...
Jun 21 13:09:24 localhost systemd[1]: Starting Show Plymouth Boot Screen...
Jun 21 13:09:24 localhost systemd[1]: Mounted Configuration File System.
Jun 21 13:09:24 localhost systemd[1]: Reached target System Initialization.
Jun 21 13:09:24 localhost systemd[1]: Listening on Open-iSCSI iscsiuio Socket.
Jun 21 13:09:24 localhost systemd[1]: Reached target Sockets.
Jun 21 13:09:24 localhost kernel: cryptd: max_cpu_qlen set to 1000
Jun 21 13:09:24 localhost systemd[1]: Received SIGRTMIN+20 from PID 677 (plymouthd).
Jun 21 13:09:24 localhost systemd[1]: Started Show Plymouth Boot Screen.
Jun 21 13:09:24 localhost systemd[1]: Started Forward Password Requests to Plymouth Directory Watch.
Jun 21 13:09:24 localhost systemd[1]: Reached target Paths.
Jun 21 13:09:24 localhost systemd[1]: Reached target Basic System.
Jun 21 13:09:24 localhost kernel: AVX version of gcm_enc/dec engaged.
Jun 21 13:09:24 localhost kernel: AES CTR mode by8 optimization enabled
Jun 21 13:09:24 localhost systemd[1]: Started Device-Mapper Multipath Device Controller.
Jun 21 13:09:24 localhost systemd[1]: Starting Open-iSCSI...
Jun 21 13:09:24 localhost kernel: ACPI: PCI Interrupt Link [LNKC] enabled at IRQ 10
Jun 21 13:09:24 localhost kernel: virtio-pci 0000:00:03.0: virtio_pci: leaving for legacy driver
Jun 21 13:09:24 localhost kernel: libata version 3.00 loaded.
Jun 21 13:09:24 localhost kernel: virtio-pci 0000:00:04.0: virtio_pci: leaving for legacy driver
Jun 21 13:09:24 localhost kernel: ata_piix 0000:00:01.1: version 2.13
Jun 21 13:09:24 localhost kernel: alg: No test for __gcm-aes-aesni (__driver-gcm-aes-aesni)
Jun 21 13:09:24 localhost kernel: alg: No test for __generic-gcm-aes-aesni (__driver-generic-gcm-aes-aesni)
Jun 21 13:09:24 localhost kernel: scsi host0: ata_piix
Jun 21 13:09:24 localhost kernel: scsi host1: ata_piix
Jun 21 13:09:24 localhost kernel: ata1: PATA max MWDMA2 cmd 0x1f0 ctl 0x3f6 bmdma 0xc0e0 irq 14
Jun 21 13:09:24 localhost kernel: ata2: PATA max MWDMA2 cmd 0x170 ctl 0x376 bmdma 0xc0e8 irq 15
Jun 21 13:09:24 localhost kernel: ACPI: PCI Interrupt Link [LNKA] enabled at IRQ 10
Jun 21 13:09:24 localhost kernel: virtio-pci 0000:00:05.0: virtio_pci: leaving for legacy driver
Jun 21 13:09:24 localhost kernel: ACPI: PCI Interrupt Link [LNKB] enabled at IRQ 11
Jun 21 13:09:24 localhost kernel: virtio-pci 0000:00:06.0: virtio_pci: leaving for legacy driver
Jun 21 13:09:24 localhost iscsid[703]: iscsid: can't open InitiatorName configuration file /etc/iscsi/initiatorname.iscsi
Jun 21 13:09:24 localhost iscsid[703]: iscsid: Warning: InitiatorName file /etc/iscsi/initiatorname.iscsi does not exist or does not contain a properly formatted InitiatorName. If using software iscsi (iscsi_tcp or ib_iser) or partial offload (bnx2i or cxgbi iscsi), you may not be able to log into or discover targets. Please create a file /etc/iscsi/initiatorname.iscsi that contains a sting with the format: InitiatorName=iqn.yyyy-mm.<reversed domain name>[:identifier].
Jun 21 13:09:24 localhost iscsid[703]: Example: InitiatorName=iqn.2001-04.com.redhat:fc6.
Jun 21 13:09:24 localhost iscsid[703]: If using hardware iscsi like qla4xxx this message can be ignored.
Jun 21 13:09:24 localhost iscsid[703]: iscsid: can't open InitiatorAlias configuration file /etc/iscsi/initiatorname.iscsi
Jun 21 13:09:24 localhost iscsid[703]: iscsid: can't open iscsid.safe_logout configuration file /etc/iscsi/iscsid.conf
Jun 21 13:09:24 localhost systemd[1]: Started Open-iSCSI.
Jun 21 13:09:24 localhost systemd[1]: Starting dracut initqueue hook...
Jun 21 13:09:25 localhost kernel: virtio-pci 0000:00:07.0: virtio_pci: leaving for legacy driver
Jun 21 13:09:25 localhost kernel: virtio-pci 0000:00:05.0: irq 24 for MSI/MSI-X
Jun 21 13:09:25 localhost kernel: virtio-pci 0000:00:05.0: irq 25 for MSI/MSI-X
Jun 21 13:09:25 localhost kernel: virtio_blk virtio2: [vda] 20971520 512-byte logical blocks (10.7 GB/10.0 GiB)
Jun 21 13:09:25 localhost kernel: [TTM] Zone  kernel: Available graphics memory: 2022502 kiB
Jun 21 13:09:25 localhost kernel: [TTM] Initializing pool allocator
Jun 21 13:09:25 localhost kernel: [TTM] Initializing DMA pool allocator
Jun 21 13:09:25 localhost kernel: [drm] fb mappable at 0xFC000000
Jun 21 13:09:25 localhost kernel: virtio-pci 0000:00:04.0: irq 26 for MSI/MSI-X
Jun 21 13:09:25 localhost kernel: virtio-pci 0000:00:04.0: irq 27 for MSI/MSI-X
Jun 21 13:09:25 localhost kernel: [drm] vram aper at 0xFC000000
Jun 21 13:09:25 localhost kernel: [drm] size 33554432
Jun 21 13:09:25 localhost kernel: virtio-pci 0000:00:03.0: irq 28 for MSI/MSI-X
Jun 21 13:09:25 localhost kernel: virtio-pci 0000:00:03.0: irq 29 for MSI/MSI-X
Jun 21 13:09:25 localhost kernel: virtio-pci 0000:00:03.0: irq 30 for MSI/MSI-X
Jun 21 13:09:25 localhost kernel: [drm] fb depth is 16
Jun 21 13:09:25 localhost kernel: [drm]    pitch is 2048
Jun 21 13:09:25 localhost kernel: fbcon: cirrusdrmfb (fb0) is primary device
Jun 21 13:09:25 localhost kernel: Console: switching to colour frame buffer device 128x48
Jun 21 13:09:25 localhost kernel: cirrus 0000:00:02.0: fb0: cirrusdrmfb frame buffer device
Jun 21 13:09:25 localhost kernel: [drm] Initialized cirrus 1.0.0 20110418 for 0000:00:02.0 on minor 0
Jun 21 13:09:25 localhost kernel: 8021q: 802.1Q VLAN Support v1.8
Jun 21 13:09:25 localhost systemd[1]: Reloading.
Jun 21 13:09:25 localhost dracut-initqueue[743]: RTNETLINK answers: File exists
Jun 21 13:09:25 localhost kernel: IPv6: ADDRCONF(NETDEV_UP): eth0: link is not ready
Jun 21 13:09:25 localhost kernel: 8021q: adding VLAN 0 to HW filter on device eth0
Jun 21 13:09:25 localhost dracut-initqueue[743]: dhcp: PREINIT eth0 up
Jun 21 13:09:25 localhost dhclient[844]: DHCPDISCOVER on eth0 to 255.255.255.255 port 67 interval 6 (xid=0xa400a5c)
Jun 21 13:09:26 localhost kernel: IPv6: ADDRCONF(NETDEV_CHANGE): eth0: link becomes ready
Jun 21 13:09:30 localhost dhclient[844]: DHCPREQUEST on eth0 to 255.255.255.255 port 67 (xid=0xa400a5c)
Jun 21 13:09:30 localhost dhclient[844]: DHCPOFFER from 192.168.122.1
Jun 21 13:09:30 localhost dhclient[844]: DHCPACK from 192.168.122.1 (xid=0xa400a5c)
Jun 21 13:09:30 localhost dracut-initqueue[743]: dhcp: BOND setting eth0
Jun 21 13:09:32 localhost dhclient[844]: bound to 192.168.122.20 -- renewal in 1605 seconds.
Jun 21 13:09:33 localhost dracut-initqueue[743]: % Total    % Received % Xferd  Average Speed   Time    Time     Time  Current
Jun 21 13:09:33 localhost dracut-initqueue[743]: Dload  Upload   Total   Spent    Left  Speed
Jun 21 13:09:33 localhost kernel: random: fast init done
Jun 21 13:09:35 localhost kernel: random: crng init done
Jun 21 13:09:38 localhost dracut-initqueue[743]: [550B blob data]
Jun 21 13:09:38 localhost kernel: loop: module loaded
Jun 21 13:09:38 localhost systemd[1]: Started dracut initqueue hook.
Jun 21 13:09:38 localhost systemd[1]: Reached target Remote File Systems (Pre).
Jun 21 13:09:38 localhost systemd[1]: Reached target Remote File Systems.
Jun 21 13:09:38 localhost systemd[1]: Starting dracut pre-mount hook...
Jun 21 13:09:38 localhost systemd[1]: Started dracut pre-mount hook.
Jun 21 13:09:38 localhost systemd[1]: Reached target Initrd Root File System.
Jun 21 13:09:38 localhost systemd[1]: Starting Reload Configuration from the Real Root...
Jun 21 13:09:38 localhost systemd[1]: Reloading.
Jun 21 13:09:38 localhost systemd[1]: Started Reload Configuration from the Real Root.
Jun 21 13:09:38 localhost systemd[1]: Reached target Initrd File Systems.
Jun 21 13:09:38 localhost systemd[1]: Starting dracut mount hook...
Jun 21 13:09:38 localhost kernel: EXT4-fs (dm-0): mounted filesystem with ordered data mode. Opts: (null)
Jun 21 13:09:39 localhost systemd[1]: Started dracut mount hook.
Jun 21 13:09:39 localhost systemd[1]: Reached target Initrd Default Target.
Jun 21 13:09:39 localhost systemd[1]: Starting dracut pre-pivot and cleanup hook...
Jun 21 13:09:41 localhost rpcbind[543]: cannot open file = /run/rpcbind/rpcbind.xdr for writing
Jun 21 13:09:41 localhost rpcbind[543]: cannot save any registration
Jun 21 13:09:41 localhost rpcbind[543]: cannot open file = /run/rpcbind/portmap.xdr for writing
Jun 21 13:09:41 localhost rpcbind[543]: cannot save any registration
Jun 21 13:09:41 localhost systemd[1]: Started dracut pre-pivot and cleanup hook.
Jun 21 13:09:41 localhost systemd[1]: Starting Cleaning Up and Shutting Down Daemons...
Jun 21 13:09:41 localhost systemd[1]: Stopped dracut pre-pivot and cleanup hook.
Jun 21 13:09:41 localhost systemd[1]: Stopped target Initrd Default Target.
Jun 21 13:09:41 localhost systemd[1]: Stopped target Remote File Systems.
Jun 21 13:09:41 localhost systemd[1]: Stopped target Remote File Systems (Pre).
Jun 21 13:09:41 localhost systemd[1]: Stopped dracut mount hook.
Jun 21 13:09:41 localhost systemd[1]: Stopped target Basic System.
Jun 21 13:09:41 localhost systemd[1]: Stopped target Slices.
Jun 21 13:09:41 localhost systemd[1]: Stopped dracut pre-mount hook.
Jun 21 13:09:41 localhost systemd[1]: Stopped dracut initqueue hook.
Jun 21 13:09:41 localhost systemd[1]: Stopping Open-iSCSI...
Jun 21 13:09:41 localhost iscsid[703]: iscsid: iscsid shutting down.
Jun 21 13:09:41 localhost systemd[1]: Stopped target Sockets.
Jun 21 13:09:41 localhost systemd[1]: Closed Open-iSCSI iscsiuio Socket.
Jun 21 13:09:41 localhost systemd[1]: Stopped target System Initialization.
Jun 21 13:09:41 localhost systemd[1]: Stopped target Swap.
Jun 21 13:09:41 localhost systemd[1]: Stopped target Local Encrypted Volumes.
Jun 21 13:09:41 localhost systemd[1]: Stopped Apply Kernel Variables.
Jun 21 13:09:41 localhost systemd[1]: Stopped target Local File Systems.
Jun 21 13:09:41 localhost systemd[1]: Starting Plymouth switch root service...
Jun 21 13:09:41 localhost systemd[1]: Stopped target Paths.
Jun 21 13:09:41 localhost systemd[1]: Stopped target Timers.
Jun 21 13:09:41 localhost systemd[1]: Stopped Open-iSCSI.
Jun 21 13:09:41 localhost multipathd[693]: path checkers start up
Jun 21 13:09:41 localhost systemd[1]: Stopping Device-Mapper Multipath Device Controller...
Jun 21 13:09:41 localhost multipathd[693]: --------shut down-------
Jun 21 13:09:41 localhost systemd[1]: Stopped Device-Mapper Multipath Device Controller.
Jun 21 13:09:41 localhost systemd[1]: Started Cleaning Up and Shutting Down Daemons.
Jun 21 13:09:41 localhost systemd[1]: Stopped udev Coldplug all Devices.
Jun 21 13:09:41 localhost systemd[1]: Stopped dracut pre-trigger hook.
Jun 21 13:09:41 localhost systemd[1]: Stopping udev Kernel Device Manager...
Jun 21 13:09:41 localhost systemd[1]: Stopped udev Kernel Device Manager.
Jun 21 13:09:41 localhost systemd[1]: Stopped dracut pre-udev hook.
Jun 21 13:09:41 localhost systemd[1]: Stopped dracut cmdline hook.
Jun 21 13:09:41 localhost systemd[1]: Stopped Create Static Device Nodes in /dev.
Jun 21 13:09:41 localhost systemd[1]: Stopped Create list of required static device nodes for the current kernel.
Jun 21 13:09:41 localhost systemd[1]: Closed udev Control Socket.
Jun 21 13:09:41 localhost systemd[1]: Closed udev Kernel Socket.
Jun 21 13:09:41 localhost systemd[1]: Starting Cleanup udevd DB...
Jun 21 13:09:41 localhost systemd[1]: Started Cleanup udevd DB.
Jun 21 13:09:41 localhost systemd[1]: Reached target Switch Root.
Jun 21 13:09:41 localhost systemd[1]: Started Plymouth switch root service.
Jun 21 13:09:41 localhost systemd[1]: Starting Switch Root...
Jun 21 13:09:41 localhost systemd[1]: Switching root.
Jun 21 13:09:41 localhost systemd-journal[86]: Journal stopped
Jun 21 13:09:42 localhost systemd-journal[1312]: Runtime journal is using 8.0M (max allowed 197.5M, trying to leave 296.2M free of 1.8G available â†’ current limit 197.5M).
Jun 21 13:09:42 localhost systemd-journald[86]: Received SIGTERM from PID 1 (systemd).
Jun 21 13:09:42 localhost kernel: SELinux: 2048 avtab hash slots, 112856 rules.
Jun 21 13:09:42 localhost kernel: SELinux: 2048 avtab hash slots, 112856 rules.
Jun 21 13:09:42 localhost kernel: SELinux:  8 users, 14 roles, 5052 types, 316 bools, 1 sens, 1024 cats
Jun 21 13:09:42 localhost kernel: SELinux:  130 classes, 112856 rules
Jun 21 13:09:42 localhost kernel: SELinux:  Completing initialization.
Jun 21 13:09:42 localhost kernel: SELinux:  Setting up existing superblocks.
Jun 21 13:09:42 localhost kernel: type=1403 audit(1655816982.160:2): policy loaded auid=4294967295 ses=4294967295
Jun 21 13:09:42 localhost systemd[1]: Successfully loaded SELinux policy in 254.730ms.
Jun 21 13:09:42 localhost systemd[1]: Relabelled /dev, /run and /sys/fs/cgroup in 26.476ms.
Jun 21 13:09:42 localhost systemd-journal[1312]: Journal started
Jun 21 13:09:42 localhost systemd[1]: systemd 219 running in system mode. (+PAM +AUDIT +SELINUX +IMA -APPARMOR +SMACK +SYSVINIT +UTMP +LIBCRYPTSETUP +GCRYPT +GNUTLS +ACL +XZ +LZ4 -SECCOMP +BLKID +ELFUTILS +KMOD +IDN)
Jun 21 13:09:42 localhost systemd[1]: Detected virtualization kvm.
Jun 21 13:09:42 localhost systemd[1]: Detected architecture x86-64.
Jun 21 13:09:42 localhost systemd[1]: Cannot add dependency job for unit rhel-autorelabel-mark.service, ignoring: Unit is masked.
Jun 21 13:09:42 localhost systemd[1]: Cannot add dependency job for unit rhel-autorelabel.service, ignoring: Unit is masked.
Jun 21 13:09:42 localhost systemd[1]: Cannot add dependency job for unit rhel-loadmodules.service, ignoring: Unit is masked.
Jun 21 13:09:42 localhost systemd[1]: Cannot add dependency job for unit systemd-tmpfiles-clean.timer, ignoring: Unit is masked.
Jun 21 13:09:42 localhost systemd[1]: Starting Flush Journal to Persistent Storage...
Jun 21 13:09:42 localhost rhel-domainname[1327]: /usr/lib/systemd/rhel-domainname: line 2: /etc/sysconfig/network: No such file or directory
Jun 21 13:09:42 localhost systemd[1]: Started Create Static Device Nodes in /dev.
Jun 21 13:09:42 localhost systemd[1]: Reached target Local File Systems (Pre).
Jun 21 13:09:42 localhost systemd[1]: Starting udev Kernel Device Manager...
Jun 21 13:09:42 localhost systemd[1]: Started Configure read-only root support.
Jun 21 13:09:42 localhost systemd[1]: Starting Load/Save Random Seed...
Jun 21 13:09:43 localhost systemd[1]: Started Load/Save Random Seed.
Jun 21 13:09:43 localhost systemd[1]: Started Flush Journal to Persistent Storage.
Jun 21 13:09:43 localhost systemd-udevd[1342]: starting version 219
Jun 21 13:09:43 localhost systemd[1]: Started udev Kernel Device Manager.
Jun 21 13:09:43 localhost systemd[1]: Started Rebuild Hardware Database.
Jun 21 13:09:43 localhost systemd[1]: Starting udev Coldplug all Devices...
Jun 21 13:09:43 localhost systemd[1]: Started udev Coldplug all Devices.
Jun 21 13:09:43 localhost systemd[1]: Starting udev Wait for Complete Device Initialization...
Jun 21 13:09:43 localhost systemd[1]: Starting Device-Mapper Multipath Device Controller...
Jun 21 13:09:43 localhost kernel: piix4_smbus 0000:00:01.3: SMBus Host Controller at 0x700, revision 0
Jun 21 13:09:43 localhost kernel: input: PC Speaker as /devices/platform/pcspkr/input/input4
Jun 21 13:09:44 localhost systemd[1]: Started Device-Mapper Multipath Device Controller.
Jun 21 13:09:44 localhost systemd[1]: Started udev Wait for Complete Device Initialization.
Jun 21 13:09:44 localhost systemd[1]: Starting Activation of DM RAID sets...
Jun 21 13:09:44 localhost systemd[1]: Started Activation of DM RAID sets.
Jun 21 13:09:44 localhost systemd[1]: Reached target Local File Systems.
Jun 21 13:09:44 localhost systemd[1]: Starting Import network configuration from initramfs...
Jun 21 13:09:44 localhost systemd[1]: Starting Tell Plymouth To Write Out Runtime Data...
Jun 21 13:09:44 localhost systemd[1]: Starting Migrate local SELinux policy changes from the old store structure to the new structure...
Jun 21 13:09:44 localhost systemd[1]: Starting Rebuild Journal Catalog...
Jun 21 13:09:44 localhost systemd[1]: Reached target Local Encrypted Volumes.
Jun 21 13:09:44 localhost systemd[1]: Started Tell Plymouth To Write Out Runtime Data.
Jun 21 13:09:44 localhost systemd[1]: Started Migrate local SELinux policy changes from the old store structure to the new structure.
Jun 21 13:09:44 localhost systemd[1]: Started Rebuild Journal Catalog.
Jun 21 13:09:44 localhost systemd[1]: Starting Update is Completed...
Jun 21 13:09:44 localhost systemd[1]: Started Update is Completed.
Jun 21 13:09:44 localhost systemd[1]: Started Import network configuration from initramfs.
Jun 21 13:09:44 localhost systemd[1]: Starting Create Volatile Files and Directories...
Jun 21 13:09:44 localhost systemd[1]: Started Create Volatile Files and Directories.
Jun 21 13:09:44 localhost systemd[1]: Starting Update UTMP about System Boot/Shutdown...
Jun 21 13:09:44 localhost systemd[1]: Started Update UTMP about System Boot/Shutdown.
Jun 21 13:09:44 localhost systemd[1]: Reached target System Initialization.
Jun 21 13:09:44 localhost systemd[1]: Listening on D-Bus System Message Bus Socket.
Jun 21 13:09:44 localhost systemd[1]: Listening on Open-iSCSI iscsid Socket.
Jun 21 13:09:44 localhost systemd[1]: Listening on Open-iSCSI iscsiuio Socket.
Jun 21 13:09:44 localhost systemd[1]: Reached target Sockets.
Jun 21 13:09:44 localhost systemd[1]: Reached target Basic System.
Jun 21 13:09:44 localhost systemd[1]: Starting pre-anaconda logging service...
Jun 21 13:09:44 localhost systemd[1]: Started Hardware RNG Entropy Gatherer Daemon.
Jun 21 13:09:44 localhost systemd[1]: Starting Service enabling compressing RAM with zRam...
Jun 21 13:09:44 localhost systemd[1]: Starting Dump dmesg to /var/log/dmesg...
Jun 21 13:09:44 localhost systemd[1]: Started Anaconda NetworkManager configuration.
Jun 21 13:09:44 localhost systemd[1]: Starting Network Manager...
Jun 21 13:09:44 localhost systemd[1]: Starting Wait for Plymouth Boot Screen to Quit...
Jun 21 13:09:44 localhost systemd[1]: Starting Login Service...
Jun 21 13:09:44 localhost systemd[1]: Starting Terminate Plymouth Boot Screen...
Jun 21 13:09:44 localhost zramswapon[1448]: + MAX_RAM_ON=2097152
Jun 21 13:09:44 localhost zramswapon[1448]: ++ grep -E --only-matching '[[:digit:]]+'
Jun 21 13:09:44 localhost systemd[1]: Received SIGRTMIN+21 from PID 677 (plymouthd).
Jun 21 13:09:44 localhost zramswapon[1448]: ++ grep MemTotal /proc/meminfo
Jun 21 13:09:44 localhost zramswapon[1448]: + mem_total_kb=4045004
Jun 21 13:09:44 localhost zramswapon[1448]: + mem_total=4142084096
Jun 21 13:09:44 localhost zramswapon[1448]: + grep -E 'inst\.zram=(on|1)' /proc/cmdline
Jun 21 13:09:44 localhost systemd[1]: Started Terminate Plymouth Boot Screen.
Jun 21 13:09:44 localhost systemd[1]: Started Wait for Plymouth Boot Screen to Quit.
Jun 21 13:09:44 localhost zramswapon[1448]: + force=1
Jun 21 13:09:44 localhost zramswapon[1448]: + '[' '(' 4045004 -gt 2097152 ')' -a '(' 1 '!=' 0 ')' ']'
Jun 21 13:09:44 localhost zramswapon[1448]: + exit 0
Jun 21 13:09:44 localhost systemd[1]: Started Service enabling compressing RAM with zRam.
Jun 21 13:09:44 localhost systemd[1]: Started pre-anaconda logging service.
Jun 21 13:09:44 localhost systemd[1]: Started Dump dmesg to /var/log/dmesg.
Jun 21 13:09:44 localhost systemd[1]: Cannot add dependency job for unit rhel-autorelabel-mark.service, ignoring: Unit is masked.
Jun 21 13:09:44 localhost systemd[1]: Cannot add dependency job for unit rhel-autorelabel.service, ignoring: Unit is masked.
Jun 21 13:09:44 localhost systemd[1]: Cannot add dependency job for unit rhel-loadmodules.service, ignoring: Unit is masked.
Jun 21 13:09:44 localhost systemd[1]: Cannot add dependency job for unit systemd-tmpfiles-clean.timer, ignoring: Unit is masked.
Jun 21 13:09:44 localhost systemd[1]: Started D-Bus System Message Bus.
Jun 21 13:09:45 localhost systemd-logind[1453]: New seat seat0.
Jun 21 13:09:45 localhost systemd[1]: Started Login Service.
Jun 21 13:09:45 localhost systemd-logind[1453]: Watching system buttons on /dev/input/event0 (Power Button)
Jun 21 13:09:45 localhost rngd[1447]: Initalizing available sources
Jun 21 13:09:45 localhost rngd[1447]: Initalizing entropy source Hardware RNG Device
Jun 21 13:09:45 localhost rngd[1447]: Failed to init entropy source 2: Intel RDRAND Instruction RNG
Jun 21 13:09:45 localhost NetworkManager[1451]: <info>  [1655816985.7359] NetworkManager (version 1.18.8-2.el7_9) is starting... (for the first time)
Jun 21 13:09:45 localhost NetworkManager[1451]: <info>  [1655816985.7380] Read config: /etc/NetworkManager/NetworkManager.conf (lib: 10-slaves-order.conf) (etc: 80-anaconda-no-ibft.conf, 90-anaconda-no-auto-default.conf, 91-anaconda-autoconnect-slaves.conf, 92-anaconda-loglevel-debug.conf)
Jun 21 13:09:45 localhost NetworkManager[1451]: <debug> [1655816985.7381] CONFIG: config-data[0x55664c464840]: 3 groups
Jun 21 13:09:45 localhost NetworkManager[1451]: <debug> [1655816985.7381] CONFIG:
Jun 21 13:09:45 localhost NetworkManager[1451]: <debug> [1655816985.7381] CONFIG: [main]
Jun 21 13:09:45 localhost NetworkManager[1451]: <debug> [1655816985.7381] CONFIG:   slaves-order=index
Jun 21 13:09:45 localhost NetworkManager[1451]: <debug> [1655816985.7381] CONFIG:   plugins=ifcfg-rh,ibft,no-ibft
Jun 21 13:09:45 localhost NetworkManager[1451]: <debug> [1655816985.7381] CONFIG:   no-auto-default=*
Jun 21 13:09:45 localhost NetworkManager[1451]: <debug> [1655816985.7381] CONFIG:
Jun 21 13:09:45 localhost NetworkManager[1451]: <debug> [1655816985.7381] CONFIG: [logging]
Jun 21 13:09:45 localhost NetworkManager[1451]: <debug> [1655816985.7381] CONFIG:   level=DEBUG
Jun 21 13:09:45 localhost NetworkManager[1451]: <debug> [1655816985.7381] CONFIG:
Jun 21 13:09:45 localhost NetworkManager[1451]: <debug> [1655816985.7381] CONFIG: [connection]
Jun 21 13:09:45 localhost NetworkManager[1451]: <debug> [1655816985.7382] CONFIG:   connection.autoconnect-slaves=1
Jun 21 13:09:45 localhost NetworkManager[1451]: <debug> [1655816985.7382] config: state: missing state file "/var/lib/NetworkManager/NetworkManager.state": No such file or directory
Jun 21 13:09:45 localhost NetworkManager[1451]: <debug> [1655816985.7382] WEXT support is disabled
Jun 21 13:09:45 localhost NetworkManager[1451]: <debug> [1655816985.7445] netns[0x55664c4572e0]: new netns (net:7, mnt:8)
Jun 21 13:09:45 localhost NetworkManager[1451]: <debug> [1655816985.7457] platform-linux: create (ignore netns, initial netns, use udev)
Jun 21 13:09:45 localhost NetworkManager[1451]: <debug> [1655816985.7462] platform-linux: could not enable extended acks on netlink socket
Jun 21 13:09:45 localhost NetworkManager[1451]: <debug> [1655816985.7462] platform-linux: Netlink socket for events established: port=1451, fd=11
Jun 21 13:09:45 localhost NetworkManager[1451]: <debug> [1655816985.7463] platform-linux: populate platform cache
Jun 21 13:09:45 localhost NetworkManager[1451]: <debug> [1655816985.7465] monotonic timestamp started counting 1.128531045 seconds ago with an offset of 33.0 seconds to CLOCK_BOOTTIME (local time is 2022-06-21 13:09:45)
Jun 21 13:09:45 localhost NetworkManager[1451]: <debug> [1655816985.7466] platform: kernel-support for USER_IPV6LL (IFLA_INET6_ADDR_GEN_MODE support) detected: supported
Jun 21 13:09:45 localhost NetworkManager[1451]: <debug> [1655816985.7471] platform: (lo) signal: link   added: 1: lo <UP,LOWER_UP;loopback,up,running,lowerup> mtu 65536 arp 772 loopback? not-init addrgenmode eui64 addr 00:00:00:00:00:00 driver unknown rx:6,416 tx:6,416
Jun 21 13:09:45 localhost NetworkManager[1451]: <debug> [1655816985.7480] platform: (eth0) signal: link   added: 2: eth0 <UP,LOWER_UP;broadcast,multicast,up,running,lowerup> mtu 1500 arp 1 ethernet? not-init addrgenmode eui64 addr 52:54:00:5E:EF:F9 driver virtio_net rx:27617,504849343 tx:25848,1713360
Jun 21 13:09:45 localhost NetworkManager[1451]: <debug> [1655816985.7480] platform: kernel-support for EXTENDED_IFA_FLAGS (IPv6 temporary addresses support) detected: supported
Jun 21 13:09:45 localhost NetworkManager[1451]: <debug> [1655816985.7481] platform: (lo) signal: address 4   added: 127.0.0.1/8 lft forever pref forever lifetime 1-0[4294967295,4294967295] dev 1 flags permanent src kernel
Jun 21 13:09:45 localhost NetworkManager[1451]: <debug> [1655816985.7481] platform: (eth0) signal: address 4   added: 192.168.122.20/24 lft 3587sec pref 3587sec lifetime 1-1[3587,3587] dev 2 src kernel
Jun 21 13:09:45 localhost NetworkManager[1451]: <debug> [1655816985.7482] platform: (lo) signal: address 6   added: ::1/128 lft forever pref forever lifetime 1-0[4294967295,4294967295] dev 1 flags permanent src kernel
Jun 21 13:09:45 localhost NetworkManager[1451]: <debug> [1655816985.7482] platform: (eth0) signal: address 6   added: fe80::5054:ff:fe5e:eff9/64 lft forever pref forever lifetime 1-0[4294967295,4294967295] dev 2 flags permanent src kernel
Jun 21 13:09:45 localhost NetworkManager[1451]: <debug> [1655816985.7483] platform: (eth0) signal: route   4   added: 0.0.0.0/0 via 192.168.122.1 dev 2 metric 0 mss 0 rt-src rt-boot scope global
Jun 21 13:09:45 localhost NetworkManager[1451]: <debug> [1655816985.7483] platform: (eth0) signal: route   4   added: 192.168.122.0/24 via 0.0.0.0 dev 2 metric 0 mss 0 rt-src rt-kernel scope link pref-src 192.168.122.20
Jun 21 13:09:45 localhost NetworkManager[1451]: <debug> [1655816985.7484] platform: kernel-support for RTA_PREF (ability to set router preference for IPv6 routes) detected: supported
Jun 21 13:09:45 localhost NetworkManager[1451]: <debug> [1655816985.7484] platform: (eth0) signal: route   6   added: fe80::/64 via :: dev 2 metric 256 mss 0 rt-src rt-kernel
Jun 21 13:09:45 localhost NetworkManager[1451]: <debug> [1655816985.7484] platform: (eth0) signal: route   6   added: table 255 ff00::/8 via :: dev 2 metric 256 mss 0 rt-src rt-boot
Jun 21 13:09:45 localhost systemd[1]: Started Network Manager.
Jun 21 13:09:45 localhost NetworkManager[1451]: <debug> [1655816985.7485] platform: kernel-support for FRA_PROTOCOL (FRA_PROTOCOL attribute for policy routing rules) detected: not supported
Jun 21 13:09:45 localhost systemd[1]: Starting Network Manager Wait Online...
Jun 21 13:09:45 localhost NetworkManager[1451]: <debug> [1655816985.7485] platform: kernel-support for FRA_UID_RANGE (FRA_UID_RANGE attribute for policy routing rules) not detected: assume not supported
Jun 21 13:09:45 localhost systemd[1]: Reached target Network.
Jun 21 13:09:45 localhost NetworkManager[1451]: <debug> [1655816985.7485] platform: kernel-support for FRA_L3MDEV (FRA_L3MDEV attribute for policy routing rules) not detected: assume not supported
Jun 21 13:09:45 localhost NetworkManager[1451]: <debug> [1655816985.7485] platform: kernel-support for FRA_IP_PROTO (FRA_IP_PROTO, FRA_SPORT_RANGE, FRA_DPORT_RANGE attributes for policy routing rules) not detected: assume not supported
Jun 21 13:09:45 localhost NetworkManager[1451]: <debug> [1655816985.7485] platform: signal: rt-rule   added: [4] 0: from all lookup 255
Jun 21 13:09:45 localhost NetworkManager[1451]: <debug> [1655816985.7486] platform: signal: rt-rule   added: [4] 32766: from all lookup 254
Jun 21 13:09:45 localhost NetworkManager[1451]: <debug> [1655816985.7486] platform: signal: rt-rule   added: [4] 32767: from all lookup 253
Jun 21 13:09:45 localhost NetworkManager[1451]: <debug> [1655816985.7486] platform: signal: rt-rule   added: [6] 0: from all lookup 255
Jun 21 13:09:45 localhost NetworkManager[1451]: <debug> [1655816985.7487] platform: signal: rt-rule   added: [6] 32766: from all lookup 254
Jun 21 13:09:45 localhost NetworkManager[1451]: <debug> [1655816985.7487] platform: (lo) signal: qdisc   added: noqueue dev 1 family 0 handle 0 parent ffffffff info 2
Jun 21 13:09:45 localhost NetworkManager[1451]: <debug> [1655816985.7488] platform: (eth0) signal: qdisc   added: pfifo_fast dev 2 family 0 handle 0 parent ffffffff info 2
Jun 21 13:09:45 localhost NetworkManager[1451]: <debug> [1655816985.7496] platform: (eth0) signal: link changed: 2: eth0 <UP,LOWER_UP;broadcast,multicast,up,running,lowerup> mtu 1500 arp 1 ethernet? init addrgenmode eui64 addr 52:54:00:5E:EF:F9 driver virtio_net rx:27617,504849343 tx:25848,1713360
Jun 21 13:09:45 localhost NetworkManager[1451]: <debug> [1655816985.7499] platform: (lo) signal: link changed: 1: lo <UP,LOWER_UP;loopback,up,running,lowerup> mtu 65536 arp 772 loopback? init addrgenmode eui64 addr 00:00:00:00:00:00 driver unknown rx:6,416 tx:6,416
Jun 21 13:09:45 localhost NetworkManager[1451]: <debug> [1655816985.7499] setup NMPlatform singleton (0x55664c4670f0, NMLinuxPlatform)
Jun 21 13:09:45 localhost NetworkManager[1451]: <debug> [1655816985.7499] rules-manager: routing-rule: track [08cb51de2333b288,0] "[4] 0: from all lookup 255 protocol 2")
Jun 21 13:09:45 localhost NetworkManager[1451]: <debug> [1655816985.7500] rules-manager: routing-rule: track [08cb51de2333b288,0] "[4] 32766: from all lookup 254 protocol 2")
Jun 21 13:09:45 localhost NetworkManager[1451]: <debug> [1655816985.7500] rules-manager: routing-rule: track [08cb51de2333b288,0] "[4] 32767: from all lookup 253 protocol 2")
Jun 21 13:09:45 localhost NetworkManager[1451]: <debug> [1655816985.7500] rules-manager: routing-rule: track [08cb51de2333b288,0] "[6] 0: from all lookup 255 protocol 2")
Jun 21 13:09:45 localhost NetworkManager[1451]: <debug> [1655816985.7500] rules-manager: routing-rule: track [08cb51de2333b288,0] "[6] 32766: from all lookup 254 protocol 2")
Jun 21 13:09:45 localhost NetworkManager[1451]: <debug> [1655816985.7500] rules-manager: routing-rule: track [1b3ee412b2162b08,0] "[4] 0: from all lookup 255")
Jun 21 13:09:45 localhost NetworkManager[1451]: <debug> [1655816985.7500] rules-manager: routing-rule: track [1b3ee412b2162b08,0] "[4] 32766: from all lookup 254")
Jun 21 13:09:45 localhost NetworkManager[1451]: <debug> [1655816985.7501] rules-manager: routing-rule: track [1b3ee412b2162b08,0] "[4] 32767: from all lookup 253")
Jun 21 13:09:45 localhost NetworkManager[1451]: <debug> [1655816985.7501] rules-manager: routing-rule: track [1b3ee412b2162b08,0] "[6] 0: from all lookup 255")
Jun 21 13:09:45 localhost NetworkManager[1451]: <debug> [1655816985.7501] rules-manager: routing-rule: track [1b3ee412b2162b08,0] "[6] 32766: from all lookup 254")
Jun 21 13:09:45 localhost NetworkManager[1451]: <debug> [1655816985.7501] create NMNetns singleton (0x55664c4738c0)
Jun 21 13:09:45 localhost NetworkManager[1451]: <debug> [1655816985.7501] auth[0x55664c45dcf0]: create auth-manager: polkit enabled
Jun 21 13:09:45 localhost NetworkManager[1451]: <debug> [1655816985.7510] auth[0x55664c45dcf0]: set instance
Jun 21 13:09:45 localhost NetworkManager[1451]: <debug> [1655816985.7510] setup NMAuthManager singleton (0x55664c45dcf0)
Jun 21 13:09:45 localhost NetworkManager[1451]: <debug> [1655816985.7511] create NMDBusManager singleton (0x55664c46b800)
Jun 21 13:09:45 localhost NetworkManager[1451]: <info>  [1655816985.7584] bus-manager: acquired D-Bus service "org.freedesktop.NetworkManager"
Jun 21 13:09:45 localhost NetworkManager[1451]: <info>  [1655816985.7798] manager[0x55664c483060]: monitoring kernel firmware directory '/lib/firmware'.
Jun 21 13:09:45 localhost NetworkManager[1451]: <debug> [1655816985.8044] session-monitor: using systemd-logind session tracking
Jun 21 13:09:45 localhost systemd[1]: Cannot add dependency job for unit rhel-autorelabel-mark.service, ignoring: Unit is masked.
Jun 21 13:09:45 localhost NetworkManager[1451]: <debug> [1655816985.8045] create NMSessionMonitor singleton (0x55664c480040)
Jun 21 13:09:45 localhost systemd[1]: Cannot add dependency job for unit rhel-autorelabel.service, ignoring: Unit is masked.
Jun 21 13:09:45 localhost NetworkManager[1451]: <debug> [1655816985.8045] create NMAgentManager singleton (0x55664c46cd70)
Jun 21 13:09:45 localhost systemd[1]: Cannot add dependency job for unit rhel-loadmodules.service, ignoring: Unit is masked.
Jun 21 13:09:45 localhost dbus[1466]: [system] Activating via systemd: service name='org.freedesktop.hostname1' unit='dbus-org.freedesktop.hostname1.service'
Jun 21 13:09:45 localhost systemd[1]: Cannot add dependency job for unit systemd-tmpfiles-clean.timer, ignoring: Unit is masked.
Jun 21 13:09:45 localhost systemd[1]: Starting Hostname Service...
Jun 21 13:09:45 localhost dbus[1466]: [system] Successfully activated service 'org.freedesktop.hostname1'
Jun 21 13:09:45 localhost systemd[1]: Started Hostname Service.
Jun 21 13:09:45 localhost NetworkManager[1451]: <info>  [1655816985.9097] hostname: hostname: using hostnamed
Jun 21 13:09:45 localhost NetworkManager[1451]: <debug> [1655816985.9097] create NMHostnameManager singleton (0x55664c45df70)
Jun 21 13:09:45 localhost NetworkManager[1451]: <debug> [1655816985.9099] create NMFirewallManager singleton (0x55664c480a80)
Jun 21 13:09:45 localhost NetworkManager[1451]: <info>  [1655816985.9104] dns-mgr[0x55664c468220]: init: dns=default,systemd-resolved rc-manager=file
Jun 21 13:09:45 localhost NetworkManager[1451]: <debug> [1655816985.9104] create NMDnsManager singleton (0x55664c468220)
Jun 21 13:09:45 localhost NetworkManager[1451]: <debug> [1655816985.9105] policy: hostname-mode: full
Jun 21 13:09:45 localhost NetworkManager[1451]: <debug> [1655816985.9113] manager: setup NMManager singleton (0x55664c483060)
Jun 21 13:09:45 localhost NetworkManager[1451]: <debug> [1655816985.9187] create NMConnectivity singleton (0x55664c45de80)
Jun 21 13:09:45 localhost NetworkManager[1451]: <debug> [1655816985.9195] dispatcher: default script directory '/etc/NetworkManager/dispatcher.d' has scripts
Jun 21 13:09:45 localhost NetworkManager[1451]: <debug> [1655816985.9216] dispatcher: pre-up script directory '/etc/NetworkManager/dispatcher.d/pre-up.d' has no scripts
Jun 21 13:09:45 localhost NetworkManager[1451]: <debug> [1655816985.9217] dispatcher: pre-down script directory '/etc/NetworkManager/dispatcher.d/pre-down.d' has no scripts
Jun 21 13:09:45 localhost dbus[1466]: [system] Activating via systemd: service name='org.freedesktop.nm_dispatcher' unit='dbus-org.freedesktop.nm-dispatcher.service'
Jun 21 13:09:45 localhost systemd[1]: Cannot add dependency job for unit rhel-autorelabel-mark.service, ignoring: Unit is masked.
Jun 21 13:09:45 localhost systemd[1]: Cannot add dependency job for unit rhel-autorelabel.service, ignoring: Unit is masked.
Jun 21 13:09:45 localhost systemd[1]: Cannot add dependency job for unit rhel-loadmodules.service, ignoring: Unit is masked.
Jun 21 13:09:45 localhost systemd[1]: Cannot add dependency job for unit systemd-tmpfiles-clean.timer, ignoring: Unit is masked.
Jun 21 13:09:45 localhost systemd[1]: Starting Network Manager Script Dispatcher Service...
Jun 21 13:09:45 localhost dbus[1466]: [system] Successfully activated service 'org.freedesktop.nm_dispatcher'
Jun 21 13:09:45 localhost systemd[1]: Started Network Manager Script Dispatcher Service.
Jun 21 13:09:45 localhost NetworkManager[1451]: <debug> [1655816985.9710] create SettingsPluginIfcfg singleton (0x55664c492920)
Jun 21 13:09:45 localhost NetworkManager[1451]: <info>  [1655816985.9710] settings: Loaded settings plugin: SettingsPluginIfcfg ("/usr/lib64/NetworkManager/1.18.8-2.el7_9/libnm-settings-plugin-ifcfg-rh.so")
Jun 21 13:09:45 localhost NetworkManager[1451]: <info>  [1655816985.9711] settings: Loaded settings plugin: NMSKeyfilePlugin (internal)
Jun 21 13:09:45 localhost NetworkManager[1451]: <debug> [1655816985.9714] ifcfg-rh: loading from file "/etc/sysconfig/network-scripts/ifcfg-eth0"...
Jun 21 13:09:45 localhost NetworkManager[1451]: <debug> [1655816985.9758] settings-connection[0x55664c4a70f0]: constructed (NMIfcfgConnection)
Jun 21 13:09:45 localhost NetworkManager[1451]: <info>  [1655816985.9764] ifcfg-rh: new connection /etc/sysconfig/network-scripts/ifcfg-eth0 (be9af178-8ea0-4b02-9609-5a436e23f3b7,"eth0")
Jun 21 13:09:45 localhost NetworkManager[1451]: <debug> [1655816985.9764] ifcfg-rh: loading from file "/etc/sysconfig/network-scripts/ifcfg-lo"...
Jun 21 13:09:45 localhost NetworkManager[1451]: <debug> [1655816985.9765] ifcfg-rh: loading "/etc/sysconfig/network-scripts/ifcfg-lo" fails: Ignoring loopback device config.
Jun 21 13:09:45 localhost NetworkManager[1451]: <debug> [1655816985.9765] settings-connection[0x55664c4a70f0,be9af178-8ea0-4b02-9609-5a436e23f3b7]: failed to read connection timestamp: No such file or directory
Jun 21 13:09:45 localhost NetworkManager[1451]: <debug> [1655816985.9768] ++ connection 'new connection' (0x55664c4980a0/NMSimpleConnection/"802-3-ethernet"): [/org/freedesktop/NetworkManager/Settings/1]
Jun 21 13:09:45 localhost NetworkManager[1451]: <debug> [1655816985.9768] ++ connection                [ 0x55664c464e20 ]
Jun 21 13:09:45 localhost NetworkManager[1451]: <debug> [1655816985.9768] ++ connection.id             = 'eth0'
Jun 21 13:09:45 localhost NetworkManager[1451]: <debug> [1655816985.9769] ++ connection.permissions    = []
Jun 21 13:09:45 localhost NetworkManager[1451]: <debug> [1655816985.9769] ++ connection.type           = '802-3-ethernet'
Jun 21 13:09:45 localhost NetworkManager[1451]: <debug> [1655816985.9769] ++ connection.uuid           = 'be9af178-8ea0-4b02-9609-5a436e23f3b7'
Jun 21 13:09:45 localhost NetworkManager[1451]: <debug> [1655816985.9769] ++ 802-3-ethernet            [ 0x55664c478be0 ]
Jun 21 13:09:45 localhost NetworkManager[1451]: <debug> [1655816985.9769] ++ 802-3-ethernet.mac-address = '52:54:00:5E:EF:F9'
Jun 21 13:09:45 localhost NetworkManager[1451]: <debug> [1655816985.9769] ++ 802-3-ethernet.mac-address-blacklist = []
Jun 21 13:09:45 localhost NetworkManager[1451]: <debug> [1655816985.9769] ++ 802-3-ethernet.s390-options = ((GHashTable*) 0x55664c4a9240)
Jun 21 13:09:45 localhost NetworkManager[1451]: <debug> [1655816985.9770] ++ ipv4                      [ 0x55664c464d60 ]
Jun 21 13:09:45 localhost NetworkManager[1451]: <debug> [1655816985.9770] ++ ipv4.addresses            = ((GPtrArray*) 0x7f421c0019a0)
Jun 21 13:09:45 localhost NetworkManager[1451]: <debug> [1655816985.9770] ++ ipv4.dns                  = []
Jun 21 13:09:45 localhost NetworkManager[1451]: <debug> [1655816985.9770] ++ ipv4.dns-search           = []
Jun 21 13:09:45 localhost NetworkManager[1451]: <debug> [1655816985.9770] ++ ipv4.method               = 'auto'
Jun 21 13:09:45 localhost NetworkManager[1451]: <debug> [1655816985.9770] ++ ipv4.routes               = ((GPtrArray*) 0x55664c489c60)
Jun 21 13:09:45 localhost NetworkManager[1451]: <debug> [1655816985.9770] ++ ipv4.routing-rules        = <unknown>
Jun 21 13:09:45 localhost NetworkManager[1451]: <debug> [1655816985.9771] ++ ipv6                      [ 0x55664c4842a0 ]
Jun 21 13:09:45 localhost NetworkManager[1451]: <debug> [1655816985.9771] ++ ipv6.addr-gen-mode        = 0
Jun 21 13:09:45 localhost NetworkManager[1451]: <debug> [1655816985.9771] ++ ipv6.addresses            = ((GPtrArray*) 0x55664c489c60)
Jun 21 13:09:45 localhost NetworkManager[1451]: <debug> [1655816985.9771] ++ ipv6.dns                  = []
Jun 21 13:09:45 localhost NetworkManager[1451]: <debug> [1655816985.9771] ++ ipv6.dns-search           = []
Jun 21 13:09:45 localhost NetworkManager[1451]: <debug> [1655816985.9771] ++ ipv6.method               = 'auto'
Jun 21 13:09:45 localhost NetworkManager[1451]: <debug> [1655816985.9771] ++ ipv6.routes               = ((GPtrArray*) 0x7f421c0019a0)
Jun 21 13:09:45 localhost NetworkManager[1451]: <debug> [1655816985.9771] ++ ipv6.routing-rules        = <unknown>
Jun 21 13:09:45 localhost NetworkManager[1451]: <debug> [1655816985.9772] keyfile: cannot read directory '/var/run/NetworkManager/system-connections': Error opening directory â€œ/var/run/NetworkManager/system-connectionsâ€: No such file or directory
Jun 21 13:09:45 localhost NetworkManager[1451]: <info>  [1655816985.9842] manager: rfkill: Wi-Fi enabled by radio killswitch; enabled by state file
Jun 21 13:09:45 localhost NetworkManager[1451]: <info>  [1655816985.9843] manager: rfkill: WWAN enabled by radio killswitch; enabled by state file
Jun 21 13:09:46 localhost systemd[1]: Cannot add dependency job for unit rhel-autorelabel-mark.service, ignoring: Unit is masked.
Jun 21 13:09:45 localhost NetworkManager[1451]: <info>  [1655816985.9844] manager: Networking is enabled by state file
Jun 21 13:09:46 localhost systemd[1]: Cannot add dependency job for unit rhel-autorelabel.service, ignoring: Unit is masked.
Jun 21 13:09:45 localhost NetworkManager[1451]: <debug> [1655816985.9844] dispatcher: (1) dispatching action 'hostname'
Jun 21 13:09:46 localhost systemd[1]: Cannot add dependency job for unit rhel-loadmodules.service, ignoring: Unit is masked.
Jun 21 13:09:46 localhost NetworkManager[1451]: <debug> [1655816986.0023] dhcp-init: enabled DHCP client 'dhclient' (NMDhcpDhclient)
Jun 21 13:09:46 localhost systemd[1]: Cannot add dependency job for unit systemd-tmpfiles-clean.timer, ignoring: Unit is masked.
Jun 21 13:09:46 localhost NetworkManager[1451]: <debug> [1655816986.0024] dhcp-init: enabled DHCP client 'internal' (NMDhcpSystemd)
Jun 21 13:09:46 localhost systemd[1]: Starting Authorization Manager...
Jun 21 13:09:46 localhost NetworkManager[1451]: <info>  [1655816986.0024] dhcp-init: Using DHCP client 'dhclient'
Jun 21 13:09:46 localhost NetworkManager[1451]: <debug> [1655816986.0024] create NMDhcpManager singleton (0x55664c4a89c0)
Jun 21 13:09:46 localhost nm-dispatcher[1476]: req:1 'hostname': new request (4 scripts)
Jun 21 13:09:46 localhost nm-dispatcher[1476]: req:1 'hostname': environment: PATH=/usr/local/sbin:/usr/local/bin:/usr/sbin:/usr/bin
Jun 21 13:09:46 localhost nm-dispatcher[1476]: req:1 'hostname': environment: NM_DISPATCHER_ACTION=hostname
Jun 21 13:09:46 localhost nm-dispatcher[1476]: req:1 'hostname': start running ordered scripts...
Jun 21 13:09:46 localhost nm-dispatcher[1476]: req:1 'hostname', "/etc/NetworkManager/dispatcher.d/00-netreport": run script
Jun 21 13:09:46 localhost NetworkManager[1451]: <debug> [1655816986.0050] Loaded device plugin: NM6LowpanDeviceFactory (internal)
Jun 21 13:09:46 localhost NetworkManager[1451]: <debug> [1655816986.0051] Loaded device plugin: NMBondDeviceFactory (internal)
Jun 21 13:09:46 localhost NetworkManager[1451]: <debug> [1655816986.0051] Loaded device plugin: NMBridgeDeviceFactory (internal)
Jun 21 13:09:46 localhost NetworkManager[1451]: <debug> [1655816986.0051] Loaded device plugin: NMDummyDeviceFactory (internal)
Jun 21 13:09:46 localhost NetworkManager[1451]: <debug> [1655816986.0051] Loaded device plugin: NMEthernetDeviceFactory (internal)
Jun 21 13:09:46 localhost NetworkManager[1451]: <debug> [1655816986.0052] Loaded device plugin: NMInfinibandDeviceFactory (internal)
Jun 21 13:09:46 localhost NetworkManager[1451]: <debug> [1655816986.0052] Loaded device plugin: NMIPTunnelDeviceFactory (internal)
Jun 21 13:09:46 localhost NetworkManager[1451]: <debug> [1655816986.0052] Loaded device plugin: NMMacsecDeviceFactory (internal)
Jun 21 13:09:46 localhost NetworkManager[1451]: <debug> [1655816986.0053] Loaded device plugin: NMMacvlanDeviceFactory (internal)
Jun 21 13:09:46 localhost NetworkManager[1451]: <debug> [1655816986.0053] Loaded device plugin: NMPppDeviceFactory (internal)
Jun 21 13:09:46 localhost NetworkManager[1451]: <debug> [1655816986.0053] Loaded device plugin: NMTunDeviceFactory (internal)
Jun 21 13:09:46 localhost NetworkManager[1451]: <debug> [1655816986.0054] Loaded device plugin: NMVethDeviceFactory (internal)
Jun 21 13:09:46 localhost NetworkManager[1451]: <debug> [1655816986.0054] Loaded device plugin: NMVlanDeviceFactory (internal)
Jun 21 13:09:46 localhost NetworkManager[1451]: <debug> [1655816986.0054] Loaded device plugin: NMVxlanDeviceFactory (internal)
Jun 21 13:09:46 localhost NetworkManager[1451]: <debug> [1655816986.0054] Loaded device plugin: NMWireGuardDeviceFactory (internal)
Jun 21 13:09:46 localhost NetworkManager[1451]: <debug> [1655816986.0055] Loaded device plugin: NMWpanDeviceFactory (internal)
Jun 21 13:09:46 localhost NetworkManager[1451]: <info>  [1655816986.0240] Loaded device plugin: NMTeamFactory (/usr/lib64/NetworkManager/1.18.8-2.el7_9/libnm-device-plugin-team.so)
Jun 21 13:09:46 localhost NetworkManager[1451]: <info>  [1655816986.0255] Loaded device plugin: NMWifiFactory (/usr/lib64/NetworkManager/1.18.8-2.el7_9/libnm-device-plugin-wifi.so)
Jun 21 13:09:46 localhost NetworkManager[1451]: <debug> [1655816986.0260] device[0x55664c48c910] (lo): unmanaged: flags set to [platform-init,by-default=0x110/0x110/unmanaged/unrealized], set-unmanaged [by-default=0x100])
Jun 21 13:09:46 localhost NetworkManager[1451]: <debug> [1655816986.0262] device[0x55664c48c910] (lo): constructed (NMDeviceGeneric)
Jun 21 13:09:46 localhost NetworkManager[1451]: <debug> [1655816986.0262] device[0x55664c48c910] (lo): start setup of NMDeviceGeneric, kernel ifindex 1
Jun 21 13:09:46 localhost NetworkManager[1451]: <debug> [1655816986.0262] device[0x55664c48c910] (lo): assume-state: set guess-assume=1, connection=(null)
Jun 21 13:09:46 localhost NetworkManager[1451]: <debug> [1655816986.0264] platform-linux: error reading net:/sys/class/net/lo/phys_port_id: error reading 4096 bytes from file descriptor: Operation not supported
Jun 21 13:09:46 localhost NetworkManager[1451]: <debug> [1655816986.0264] platform-linux: sysctl: reading 'net:/sys/class/net/lo/dev_id': '0x0'
Jun 21 13:09:46 localhost NetworkManager[1451]: <debug> [1655816986.0265] platform-linux: error reading net:/sys/class/net/lo/device/sriov_totalvfs: Failed to open file "device/sriov_totalvfs" with openat: No such file or directory
Jun 21 13:09:46 localhost NetworkManager[1451]: <debug> [1655816986.0266] device[0x55664c48c910] (lo): hw-addr: hardware address now 00:00:00:00:00:00
Jun 21 13:09:46 localhost NetworkManager[1451]: <debug> [1655816986.0266] device[0x55664c48c910] (lo): hw-addr: update initial MAC address 00:00:00:00:00:00
Jun 21 13:09:46 localhost NetworkManager[1451]: <debug> [1655816986.0267] device[0x55664c48c910] (lo): hw-addr: unable to read permanent MAC address (use current: 00:00:00:00:00:00)
Jun 21 13:09:46 localhost NetworkManager[1451]: <info>  [1655816986.0267] device (lo): carrier: link connected
Jun 21 13:09:46 localhost NetworkManager[1451]: <debug> [1655816986.0267] device[0x55664c48c910] (lo): unmanaged: flags set to [platform-init,by-default,!external-down=0x110/0x910/unmanaged/unrealized], set-managed [external-down=0x800])
Jun 21 13:09:46 localhost NetworkManager[1451]: <debug> [1655816986.0267] device[0x55664c48c910] (lo): unmanaged: flags set to [by-type,platform-init,by-default,!external-down=0x118/0x918/unmanaged/unrealized], set-unmanaged [by-type=0x8])
Jun 21 13:09:46 localhost NetworkManager[1451]: <debug> [1655816986.0267] device[0x55664c48c910] (lo): unmanaged: flags set to [by-type,platform-init,by-default,!user-settings,!external-down=0x118/0x958/unmanaged/unrealized], set-managed [user-settings=0x40])
Jun 21 13:09:46 localhost NetworkManager[1451]: <debug> [1655816986.0268] device[0x55664c48c910] (lo): unmanaged: flags set to [by-type,by-default,!platform-init,!user-settings,!external-down=0x108/0x958/unmanaged/unrealized], set-managed [platform-init=0x10])
Jun 21 13:09:46 localhost NetworkManager[1451]: <debug> [1655816986.0268] device[0x55664c48c910] (lo): unmanaged: flags set to [by-type,by-default,!sleeping,!platform-init,!user-settings,!external-down=0x108/0x959/unmanaged/unrealized], set-managed [sleeping=0x1])
Jun 21 13:09:46 localhost NetworkManager[1451]: <info>  [1655816986.0271] manager: (lo): new Generic device (/org/freedesktop/NetworkManager/Devices/1)
Jun 21 13:09:46 localhost NetworkManager[1451]: <debug> [1655816986.0277] device[0x55664c48c910] (lo): assume-state: set guess-assume=0, connection=(null)
Jun 21 13:09:46 localhost NetworkManager[1451]: <debug> [1655816986.0279] device[0x55664c4c0f80] (eth0): constructed (NMDeviceEthernet)
Jun 21 13:09:46 localhost NetworkManager[1451]: <debug> [1655816986.0279] device[0x55664c4c0f80] (eth0): start setup of NMDeviceEthernet, kernel ifindex 2
Jun 21 13:09:46 localhost NetworkManager[1451]: <debug> [1655816986.0279] device[0x55664c4c0f80] (eth0): assume-state: set guess-assume=1, connection=(null)
Jun 21 13:09:46 localhost NetworkManager[1451]: <debug> [1655816986.0280] platform-linux: error reading net:/sys/class/net/eth0/phys_port_id: error reading 4096 bytes from file descriptor: Operation not supported
Jun 21 13:09:46 localhost NetworkManager[1451]: <debug> [1655816986.0281] platform-linux: sysctl: reading 'net:/sys/class/net/eth0/dev_id': '0x0'
Jun 21 13:09:46 localhost NetworkManager[1451]: <debug> [1655816986.0282] platform-linux: error reading net:/sys/class/net/eth0/device/sriov_totalvfs: Failed to open file "device/sriov_totalvfs" with openat: No such file or directory
Jun 21 13:09:46 localhost NetworkManager[1451]: <debug> [1655816986.0282] device[0x55664c4c0f80] (eth0): hw-addr: hardware address now 52:54:00:5E:EF:F9
Jun 21 13:09:46 localhost NetworkManager[1451]: <debug> [1655816986.0282] device[0x55664c4c0f80] (eth0): hw-addr: update initial MAC address 52:54:00:5E:EF:F9
Jun 21 13:09:46 localhost NetworkManager[1451]: <debug> [1655816986.0283] device[0x55664c4c0f80] (eth0): hw-addr: read permanent MAC address '52:54:00:5E:EF:F9'
Jun 21 13:09:46 localhost NetworkManager[1451]: <info>  [1655816986.0283] device (eth0): carrier: link connected
Jun 21 13:09:46 localhost NetworkManager[1451]: <debug> [1655816986.0285] device[0x55664c4c0f80] (eth0): unmanaged: flags set to [platform-init,!by-type=0x10/0x18/unmanaged/unrealized], set-managed [by-type=0x8])
Jun 21 13:09:46 localhost NetworkManager[1451]: <debug> [1655816986.0285] device[0x55664c4c0f80] (eth0): unmanaged: flags set to [platform-init,!by-type,!user-settings=0x10/0x58/unmanaged/unrealized], set-managed [user-settings=0x40])
Jun 21 13:09:46 localhost NetworkManager[1451]: <debug> [1655816986.0285] device[0x55664c4c0f80] (eth0): unmanaged: flags set to [!by-type,!platform-init,!user-settings=0x0/0x58/managed/unrealized], set-managed [platform-init=0x10])
Jun 21 13:09:46 localhost NetworkManager[1451]: <debug> [1655816986.0285] device[0x55664c4c0f80] (eth0): unmanaged: flags set to [!sleeping,!by-type,!platform-init,!user-settings=0x0/0x59/managed/unrealized], set-managed [sleeping=0x1])
Jun 21 13:09:46 localhost NetworkManager[1451]: <info>  [1655816986.0288] manager: (eth0): new Ethernet device (/org/freedesktop/NetworkManager/Devices/2)
Jun 21 13:09:46 localhost NetworkManager[1451]: <debug> [1655816986.0296] device[0x55664c4c0f80] (eth0): ip4-config: update (commit=0, new-config=0x55664c48d290)
Jun 21 13:09:46 localhost NetworkManager[1451]: <debug> [1655816986.0300] device[0x55664c4c0f80] (eth0): ip4-config: set IP Config instance (/org/freedesktop/NetworkManager/IP4Config/1)
Jun 21 13:09:46 localhost NetworkManager[1451]: <debug> [1655816986.0302] dns-mgr: (device_ip_config_changed): queueing DNS updates (1)
Jun 21 13:09:46 localhost NetworkManager[1451]: <debug> [1655816986.0302] dns-mgr: (device_ip_config_changed): DNS configuration did not change
Jun 21 13:09:46 localhost NetworkManager[1451]: <debug> [1655816986.0302] dns-mgr: (device_ip_config_changed): no DNS changes to commit (0)
Jun 21 13:09:46 localhost NetworkManager[1451]: <debug> [1655816986.0303] device[0x55664c4c0f80] (eth0): ip6-config: update (commit=0, new-config=0x55664c4673f0)
Jun 21 13:09:46 localhost NetworkManager[1451]: <debug> [1655816986.0305] device[0x55664c4c0f80] (eth0): ip6-config: set IP Config instance (/org/freedesktop/NetworkManager/IP6Config/1)
Jun 21 13:09:46 localhost NetworkManager[1451]: <debug> [1655816986.0306] dns-mgr: (device_ip_config_changed): queueing DNS updates (1)
Jun 21 13:09:46 localhost NetworkManager[1451]: <debug> [1655816986.0307] dns-mgr: (device_ip_config_changed): DNS configuration did not change
Jun 21 13:09:46 localhost NetworkManager[1451]: <debug> [1655816986.0307] dns-mgr: (device_ip_config_changed): no DNS changes to commit (0)
Jun 21 13:09:46 localhost NetworkManager[1451]: <info>  [1655816986.0310] manager: (eth0): assume: will attempt to assume matching connection 'eth0' (be9af178-8ea0-4b02-9609-5a436e23f3b7) (guessed)
Jun 21 13:09:46 localhost NetworkManager[1451]: <debug> [1655816986.0311] device[0x55664c4c0f80] (eth0): assume-state: set guess-assume=0, connection=(null)
Jun 21 13:09:46 localhost NetworkManager[1451]: <info>  [1655816986.0311] device (eth0): state change: unmanaged -> unavailable (reason 'connection-assumed', sys-iface-state: 'assume')
Jun 21 13:09:46 localhost NetworkManager[1451]: <debug> [1655816986.0314] platform-linux: sysctl: reading '/proc/sys/net/ipv6/conf/eth0/accept_ra': '1'
Jun 21 13:09:46 localhost NetworkManager[1451]: <debug> [1655816986.0315] platform-linux: sysctl: reading '/proc/sys/net/ipv6/conf/eth0/accept_ra_defrtr': '1'
Jun 21 13:09:46 localhost NetworkManager[1451]: <debug> [1655816986.0315] platform-linux: sysctl: reading '/proc/sys/net/ipv6/conf/eth0/accept_ra_pinfo': '1'
Jun 21 13:09:46 localhost NetworkManager[1451]: <debug> [1655816986.0316] platform-linux: sysctl: reading '/proc/sys/net/ipv6/conf/eth0/accept_ra_rtr_pref': '1'
Jun 21 13:09:46 localhost NetworkManager[1451]: <debug> [1655816986.0316] platform-linux: sysctl: reading '/proc/sys/net/ipv6/conf/eth0/forwarding': '0'
Jun 21 13:09:46 localhost NetworkManager[1451]: <debug> [1655816986.0317] platform-linux: sysctl: reading '/proc/sys/net/ipv6/conf/eth0/disable_ipv6': '0'
Jun 21 13:09:46 localhost NetworkManager[1451]: <debug> [1655816986.0317] platform-linux: sysctl: reading '/proc/sys/net/ipv6/conf/eth0/hop_limit': '64'
Jun 21 13:09:46 localhost NetworkManager[1451]: <debug> [1655816986.0318] platform-linux: sysctl: reading '/proc/sys/net/ipv6/conf/eth0/use_tempaddr': '0'
Jun 21 13:09:46 localhost NetworkManager[1451]: <debug> [1655816986.0321] device[0x55664c4c0f80] (eth0): add_pending_action (1): 'recheck-available'
Jun 21 13:09:46 localhost NetworkManager[1451]: <debug> [1655816986.0325] device[0x55664c4c0f80] (eth0): connectivity state changed from UNKNOWN to NONE
Jun 21 13:09:46 localhost NetworkManager[1451]: <debug> [1655816986.0326] manager: connectivity checking indicates NONE
Jun 21 13:09:46 localhost NetworkManager[1451]: <debug> [1655816986.0327] dispatcher: (2) dispatching action 'connectivity-change'
Jun 21 13:09:46 localhost NetworkManager[1451]: <debug> [1655816986.0328] device[0x55664c4c0f80] (eth0): connectivity state changed from UNKNOWN to NONE
Jun 21 13:09:46 localhost NetworkManager[1451]: <info>  [1655816986.0330] device (eth0): state change: unavailable -> disconnected (reason 'connection-assumed', sys-iface-state: 'assume')
Jun 21 13:09:46 localhost nm-dispatcher[1476]: req:2 'connectivity-change': new request (4 scripts)
Jun 21 13:09:46 localhost nm-dispatcher[1476]: req:2 'connectivity-change': environment: CONNECTIVITY_STATE=NONE
Jun 21 13:09:46 localhost nm-dispatcher[1476]: req:2 'connectivity-change': environment: PATH=/usr/local/sbin:/usr/local/bin:/usr/sbin:/usr/bin
Jun 21 13:09:46 localhost nm-dispatcher[1476]: req:2 'connectivity-change': environment: NM_DISPATCHER_ACTION=connectivity-change
Jun 21 13:09:46 localhost NetworkManager[1451]: <debug> [1655816986.0365] device[0x55664c4c0f80] (eth0): add_pending_action (2): 'autoactivate'
Jun 21 13:09:46 localhost NetworkManager[1451]: <debug> [1655816986.0368] active-connection[0x55664c48d590]: set device "eth0" [0x55664c4c0f80]
Jun 21 13:09:46 localhost NetworkManager[1451]: <debug> [1655816986.0368] device[0x55664c4c0f80] (eth0): add_pending_action (3): 'activation-0x55664c48d590'
Jun 21 13:09:46 localhost NetworkManager[1451]: <debug> [1655816986.0370] active-connection[0x55664c48d590]: constructed (NMActRequest, version-id 1, type assume)
Jun 21 13:09:46 localhost NetworkManager[1451]: <info>  [1655816986.0398] device (eth0): Activation: starting connection 'eth0' (be9af178-8ea0-4b02-9609-5a436e23f3b7)
Jun 21 13:09:46 localhost NetworkManager[1451]: <debug> [1655816986.0399] device[0x55664c4c0f80] (eth0): activation-stage: schedule activate_stage1_device_prepare,v4 (id 33)
Jun 21 13:09:46 localhost NetworkManager[1451]: <debug> [1655816986.0401] create NMVpnManager singleton (0x55664c4bdb20)
Jun 21 13:09:46 localhost NetworkManager[1451]: <debug> [1655816986.0401] manager: creating virtual devices...
Jun 21 13:09:46 localhost NetworkManager[1451]: <debug> [1655816986.0401] setting up local loopback
Jun 21 13:09:46 localhost NetworkManager[1451]: <debug> [1655816986.0401] platform: (lo) link: setting up
Jun 21 13:09:46 localhost NetworkManager[1451]: <debug> [1655816986.0402] platform-linux: link: change 1: flags: set 0x1/0x1 ([up] / [up])
Jun 21 13:09:46 localhost NetworkManager[1451]: <debug> [1655816986.0402] platform-linux: do-request-link: 1
Jun 21 13:09:46 localhost NetworkManager[1451]: <debug> [1655816986.0403] platform-linux: do-change-link[1]: success changing link: success
Jun 21 13:09:46 localhost dbus[1466]: [system] Activating via systemd: service name='org.freedesktop.PolicyKit1' unit='polkit.service'
Jun 21 13:09:46 localhost NetworkManager[1451]: <debug> [1655816986.0421] device[0x55664c48c910] (lo): ip4-config: update (commit=0, new-config=0x55664c48d030)
Jun 21 13:09:46 localhost NetworkManager[1451]: <debug> [1655816986.0423] device[0x55664c48c910] (lo): ip4-config: set IP Config instance (/org/freedesktop/NetworkManager/IP4Config/2)
Jun 21 13:09:46 localhost NetworkManager[1451]: <debug> [1655816986.0425] dns-mgr: (device_ip_config_changed): queueing DNS updates (1)
Jun 21 13:09:46 localhost NetworkManager[1451]: <debug> [1655816986.0425] dns-mgr: (device_ip_config_changed): DNS configuration did not change
Jun 21 13:09:46 localhost NetworkManager[1451]: <debug> [1655816986.0425] dns-mgr: (device_ip_config_changed): no DNS changes to commit (0)
Jun 21 13:09:46 localhost NetworkManager[1451]: <debug> [1655816986.0426] device[0x55664c48c910] (lo): ip6-config: update (commit=0, new-config=0x55664c467720)
Jun 21 13:09:46 localhost NetworkManager[1451]: <debug> [1655816986.0427] device[0x55664c48c910] (lo): ip6-config: set IP Config instance (/org/freedesktop/NetworkManager/IP6Config/2)
Jun 21 13:09:46 localhost NetworkManager[1451]: <debug> [1655816986.0429] dns-mgr: (device_ip_config_changed): queueing DNS updates (1)
